Archive member included to satisfy reference by file (symbol)

c:/st/stm32cubeide_1.10.1/stm32cubeide/plugins/com.st.stm32cube.ide.mcu.externaltools.gnu-tools-for-stm32.10.3-2021.10.win32_1.0.0.202111181127/tools/bin/../lib/gcc/arm-none-eabi/10.3.1/../../../../arm-none-eabi/lib/thumb/v7e-m+fp/hard\libc_nano.a(lib_a-errno.o)
                              ./Src/syscalls.o (__errno)
c:/st/stm32cubeide_1.10.1/stm32cubeide/plugins/com.st.stm32cube.ide.mcu.externaltools.gnu-tools-for-stm32.10.3-2021.10.win32_1.0.0.202111181127/tools/bin/../lib/gcc/arm-none-eabi/10.3.1/../../../../arm-none-eabi/lib/thumb/v7e-m+fp/hard\libc_nano.a(lib_a-exit.o)
                              c:/st/stm32cubeide_1.10.1/stm32cubeide/plugins/com.st.stm32cube.ide.mcu.externaltools.gnu-tools-for-stm32.10.3-2021.10.win32_1.0.0.202111181127/tools/bin/../lib/gcc/arm-none-eabi/10.3.1/../../../../arm-none-eabi/lib/thumb/v7e-m+fp/hard/crt0.o (exit)
c:/st/stm32cubeide_1.10.1/stm32cubeide/plugins/com.st.stm32cube.ide.mcu.externaltools.gnu-tools-for-stm32.10.3-2021.10.win32_1.0.0.202111181127/tools/bin/../lib/gcc/arm-none-eabi/10.3.1/../../../../arm-none-eabi/lib/thumb/v7e-m+fp/hard\libc_nano.a(lib_a-impure.o)
                              c:/st/stm32cubeide_1.10.1/stm32cubeide/plugins/com.st.stm32cube.ide.mcu.externaltools.gnu-tools-for-stm32.10.3-2021.10.win32_1.0.0.202111181127/tools/bin/../lib/gcc/arm-none-eabi/10.3.1/../../../../arm-none-eabi/lib/thumb/v7e-m+fp/hard\libc_nano.a(lib_a-exit.o) (_global_impure_ptr)
c:/st/stm32cubeide_1.10.1/stm32cubeide/plugins/com.st.stm32cube.ide.mcu.externaltools.gnu-tools-for-stm32.10.3-2021.10.win32_1.0.0.202111181127/tools/bin/../lib/gcc/arm-none-eabi/10.3.1/../../../../arm-none-eabi/lib/thumb/v7e-m+fp/hard\libc_nano.a(lib_a-init.o)
                              c:/st/stm32cubeide_1.10.1/stm32cubeide/plugins/com.st.stm32cube.ide.mcu.externaltools.gnu-tools-for-stm32.10.3-2021.10.win32_1.0.0.202111181127/tools/bin/../lib/gcc/arm-none-eabi/10.3.1/../../../../arm-none-eabi/lib/thumb/v7e-m+fp/hard/crt0.o (__libc_init_array)
c:/st/stm32cubeide_1.10.1/stm32cubeide/plugins/com.st.stm32cube.ide.mcu.externaltools.gnu-tools-for-stm32.10.3-2021.10.win32_1.0.0.202111181127/tools/bin/../lib/gcc/arm-none-eabi/10.3.1/../../../../arm-none-eabi/lib/thumb/v7e-m+fp/hard\libc_nano.a(lib_a-memcpy-stub.o)
                              ./Src/queue.o (memcpy)
c:/st/stm32cubeide_1.10.1/stm32cubeide/plugins/com.st.stm32cube.ide.mcu.externaltools.gnu-tools-for-stm32.10.3-2021.10.win32_1.0.0.202111181127/tools/bin/../lib/gcc/arm-none-eabi/10.3.1/../../../../arm-none-eabi/lib/thumb/v7e-m+fp/hard\libc_nano.a(lib_a-memset.o)
                              c:/st/stm32cubeide_1.10.1/stm32cubeide/plugins/com.st.stm32cube.ide.mcu.externaltools.gnu-tools-for-stm32.10.3-2021.10.win32_1.0.0.202111181127/tools/bin/../lib/gcc/arm-none-eabi/10.3.1/../../../../arm-none-eabi/lib/thumb/v7e-m+fp/hard/crt0.o (memset)

Discarded input sections

 .text          0x0000000000000000        0x0 c:/st/stm32cubeide_1.10.1/stm32cubeide/plugins/com.st.stm32cube.ide.mcu.externaltools.gnu-tools-for-stm32.10.3-2021.10.win32_1.0.0.202111181127/tools/bin/../lib/gcc/arm-none-eabi/10.3.1/thumb/v7e-m+fp/hard/crti.o
 .data          0x0000000000000000        0x0 c:/st/stm32cubeide_1.10.1/stm32cubeide/plugins/com.st.stm32cube.ide.mcu.externaltools.gnu-tools-for-stm32.10.3-2021.10.win32_1.0.0.202111181127/tools/bin/../lib/gcc/arm-none-eabi/10.3.1/thumb/v7e-m+fp/hard/crti.o
 .bss           0x0000000000000000        0x0 c:/st/stm32cubeide_1.10.1/stm32cubeide/plugins/com.st.stm32cube.ide.mcu.externaltools.gnu-tools-for-stm32.10.3-2021.10.win32_1.0.0.202111181127/tools/bin/../lib/gcc/arm-none-eabi/10.3.1/thumb/v7e-m+fp/hard/crti.o
 .data          0x0000000000000000        0x4 c:/st/stm32cubeide_1.10.1/stm32cubeide/plugins/com.st.stm32cube.ide.mcu.externaltools.gnu-tools-for-stm32.10.3-2021.10.win32_1.0.0.202111181127/tools/bin/../lib/gcc/arm-none-eabi/10.3.1/thumb/v7e-m+fp/hard/crtbegin.o
 .rodata        0x0000000000000000       0x24 c:/st/stm32cubeide_1.10.1/stm32cubeide/plugins/com.st.stm32cube.ide.mcu.externaltools.gnu-tools-for-stm32.10.3-2021.10.win32_1.0.0.202111181127/tools/bin/../lib/gcc/arm-none-eabi/10.3.1/thumb/v7e-m+fp/hard/crtbegin.o
 .text          0x0000000000000000       0x7c c:/st/stm32cubeide_1.10.1/stm32cubeide/plugins/com.st.stm32cube.ide.mcu.externaltools.gnu-tools-for-stm32.10.3-2021.10.win32_1.0.0.202111181127/tools/bin/../lib/gcc/arm-none-eabi/10.3.1/../../../../arm-none-eabi/lib/thumb/v7e-m+fp/hard/crt0.o
 .data          0x0000000000000000        0x0 c:/st/stm32cubeide_1.10.1/stm32cubeide/plugins/com.st.stm32cube.ide.mcu.externaltools.gnu-tools-for-stm32.10.3-2021.10.win32_1.0.0.202111181127/tools/bin/../lib/gcc/arm-none-eabi/10.3.1/../../../../arm-none-eabi/lib/thumb/v7e-m+fp/hard/crt0.o
[...]
Memory Configuration

Name             Origin             Length             Attributes
RAM              0x0000000020000000 0x0000000000010000 xrw
FLASH            0x0000000008000000 0x0000000000040000 xr
*default*        0x0000000000000000 0xffffffffffffffff

Linker script and memory map

LOAD c:/st/stm32cubeide_1.10.1/stm32cubeide/plugins/com.st.stm32cube.ide.mcu.externaltools.gnu-tools-for-stm32.10.3-2021.10.win32_1.0.0.202111181127/tools/bin/../lib/gcc/arm-none-eabi/10.3.1/thumb/v7e-m+fp/hard/crti.o
LOAD c:/st/stm32cubeide_1.10.1/stm32cubeide/plugins/com.st.stm32cube.ide.mcu.externaltools.gnu-tools-for-stm32.10.3-2021.10.win32_1.0.0.202111181127/tools/bin/../lib/gcc/arm-none-eabi/10.3.1/thumb/v7e-m+fp/hard/crtbegin.o
LOAD c:/st/stm32cubeide_1.10.1/stm32cubeide/plugins/com.st.stm32cube.ide.mcu.externaltools.gnu-tools-for-stm32.10.3-2021.10.win32_1.0.0.202111181127/tools/bin/../lib/gcc/arm-none-eabi/10.3.1/../../../../arm-none-eabi/lib/thumb/v7e-m+fp/hard/crt0.o
LOAD ./Src/DHT11_Program.o
LOAD ./Src/GPIO_Program.o
LOAD ./Src/Link_Porgram.o
LOAD ./Src/NVIC_Program.o
LOAD ./Src/RCC_Program.o
LOAD ./Src/SPI_Program.o
LOAD ./Src/TIM_HAL_Program.o
LOAD ./Src/TIM_Program.o
LOAD ./Src/croutine.o
LOAD ./Src/event_groups.o
LOAD ./Src/heap_4.o
LOAD ./Src/list.o
LOAD ./Src/main.o
LOAD ./Src/port.o
LOAD ./Src/queue.o
LOAD ./Src/stream_buffer.o
LOAD ./Src/syscalls.o
LOAD ./Src/sysmem.o
LOAD ./Src/tasks.o
LOAD ./Src/timers.o
LOAD ./Startup/startup_stm32f401ccux.o
START GROUP
LOAD c:/st/stm32cubeide_1.10.1/stm32cubeide/plugins/com.st.stm32cube.ide.mcu.externaltools.gnu-tools-for-stm32.10.3-2021.10.win32_1.0.0.202111181127/tools/bin/../lib/gcc/arm-none-eabi/10.3.1/../../../../arm-none-eabi/lib/thumb/v7e-m+fp/hard\libc_nano.a
LOAD c:/st/stm32cubeide_1.10.1/stm32cubeide/plugins/com.st.stm32cube.ide.mcu.externaltools.gnu-tools-for-stm32.10.3-2021.10.win32_1.0.0.202111181127/tools/bin/../lib/gcc/arm-none-eabi/10.3.1/../../../../arm-none-eabi/lib/thumb/v7e-m+fp/hard\libm.a
END GROUP
START GROUP
LOAD c:/st/stm32cubeide_1.10.1/stm32cubeide/plugins/com.st.stm32cube.ide.mcu.externaltools.gnu-tools-for-stm32.10.3-2021.10.win32_1.0.0.202111181127/tools/bin/../lib/gcc/arm-none-eabi/10.3.1/thumb/v7e-m+fp/hard\libgcc.a
LOAD c:/st/stm32cubeide_1.10.1/stm32cubeide/plugins/com.st.stm32cube.ide.mcu.externaltools.gnu-tools-for-stm32.10.3-2021.10.win32_1.0.0.202111181127/tools/bin/../lib/gcc/arm-none-eabi/10.3.1/../../../../arm-none-eabi/lib/thumb/v7e-m+fp/hard\libc_nano.a
END GROUP
START GROUP
LOAD c:/st/stm32cubeide_1.10.1/stm32cubeide/plugins/com.st.stm32cube.ide.mcu.externaltools.gnu-tools-for-stm32.10.3-2021.10.win32_1.0.0.202111181127/tools/bin/../lib/gcc/arm-none-eabi/10.3.1/thumb/v7e-m+fp/hard\libgcc.a
LOAD c:/st/stm32cubeide_1.10.1/stm32cubeide/plugins/com.st.stm32cube.ide.mcu.externaltools.gnu-tools-for-stm32.10.3-2021.10.win32_1.0.0.202111181127/tools/bin/../lib/gcc/arm-none-eabi/10.3.1/../../../../arm-none-eabi/lib/thumb/v7e-m+fp/hard\libc_nano.a
LOAD c:/st/stm32cubeide_1.10.1/stm32cubeide/plugins/com.st.stm32cube.ide.mcu.externaltools.gnu-tools-for-stm32.10.3-2021.10.win32_1.0.0.202111181127/tools/bin/../lib/gcc/arm-none-eabi/10.3.1/../../../../arm-none-eabi/lib/thumb/v7e-m+fp/hard\libnosys.a
END GROUP
START GROUP
LOAD c:/st/stm32cubeide_1.10.1/stm32cubeide/plugins/com.st.stm32cube.ide.mcu.externaltools.gnu-tools-for-stm32.10.3-2021.10.win32_1.0.0.202111181127/tools/bin/../lib/gcc/arm-none-eabi/10.3.1/thumb/v7e-m+fp/hard\libgcc.a
LOAD c:/st/stm32cubeide_1.10.1/stm32cubeide/plugins/com.st.stm32cube.ide.mcu.externaltools.gnu-tools-for-stm32.10.3-2021.10.win32_1.0.0.202111181127/tools/bin/../lib/gcc/arm-none-eabi/10.3.1/../../../../arm-none-eabi/lib/thumb/v7e-m+fp/hard\libc_nano.a
LOAD c:/st/stm32cubeide_1.10.1/stm32cubeide/plugins/com.st.stm32cube.ide.mcu.externaltools.gnu-tools-for-stm32.10.3-2021.10.win32_1.0.0.202111181127/tools/bin/../lib/gcc/arm-none-eabi/10.3.1/../../../../arm-none-eabi/lib/thumb/v7e-m+fp/hard\libnosys.a
END GROUP
LOAD c:/st/stm32cubeide_1.10.1/stm32cubeide/plugins/com.st.stm32cube.ide.mcu.externaltools.gnu-tools-for-stm32.10.3-2021.10.win32_1.0.0.202111181127/tools/bin/../lib/gcc/arm-none-eabi/10.3.1/thumb/v7e-m+fp/hard/crtend.o
LOAD c:/st/stm32cubeide_1.10.1/stm32cubeide/plugins/com.st.stm32cube.ide.mcu.externaltools.gnu-tools-for-stm32.10.3-2021.10.win32_1.0.0.202111181127/tools/bin/../lib/gcc/arm-none-eabi/10.3.1/thumb/v7e-m+fp/hard/crtn.o
                0x0000000020010000                _estack = (ORIGIN (RAM) + LENGTH (RAM))
                0x0000000000000200                _Min_Heap_Size = 0x200
                0x0000000000000400                _Min_Stack_Size = 0x400

.isr_vector     0x0000000008000000      0x194
                0x0000000008000000                . = ALIGN (0x4)
 *(.isr_vector)
 .isr_vector    0x0000000008000000      0x194 ./Startup/startup_stm32f401ccux.o
                0x0000000008000000                g_pfnVectors
                0x0000000008000194                . = ALIGN (0x4)

.text           0x00000000080001a0     0x3a08
                0x00000000080001a0                . = ALIGN (0x4)
 *(.text)
 .text          0x00000000080001a0       0x40 c:/st/stm32cubeide_1.10.1/stm32cubeide/plugins/com.st.stm32cube.ide.mcu.externaltools.gnu-tools-for-stm32.10.3-2021.10.win32_1.0.0.202111181127/tools/bin/../lib/gcc/arm-none-eabi/10.3.1/thumb/v7e-m+fp/hard/crtbegin.o
 *(.text*)
 .text.DHT11_voidInitialize
                0x00000000080001e0       0x64 ./Src/DHT11_Program.o
                0x00000000080001e0                DHT11_voidInitialize
 .text.DHT11_voidRawDataUpdate
                0x0000000008000244      0x1e0 ./Src/DHT11_Program.o
                0x0000000008000244                DHT11_voidRawDataUpdate
 .text.DHT11_u8GetReadings
                0x0000000008000424       0x54 ./Src/DHT11_Program.o
                0x0000000008000424                DHT11_u8GetReadings
 .text.DHT11_u8Decoder
                0x0000000008000478       0xa8 ./Src/DHT11_Program.o
                0x0000000008000478                DHT11_u8Decoder
 .text.GPIO_u8SetGPIOPinMode
                0x0000000008000520      0x104 ./Src/GPIO_Program.o
                0x0000000008000520                GPIO_u8SetGPIOPinMode
 .text.GPIO_u8SetOutputPinMode
                0x0000000008000624      0x130 ./Src/GPIO_Program.o
                0x0000000008000624                GPIO_u8SetOutputPinMode
 .text.GPIO_u8SetPinValue
                0x0000000008000754      0x130 ./Src/GPIO_Program.o
                0x0000000008000754                GPIO_u8SetPinValue
 .text.GPIO_u8FastControlPinValue
                0x0000000008000884       0xfc ./Src/GPIO_Program.o
                0x0000000008000884                GPIO_u8FastControlPinValue
 .text.GPIO_u8GetPinValue
                0x0000000008000980       0xc8 ./Src/GPIO_Program.o
                0x0000000008000980                GPIO_u8GetPinValue
 .text.GPIO_u8SetPullResMode
                0x0000000008000a48      0x104 ./Src/GPIO_Program.o
                0x0000000008000a48                GPIO_u8SetPullResMode
 .text.GPIO_voidSetAlternativeFunction
                0x0000000008000b4c      0x1d4 ./Src/GPIO_Program.o
                0x0000000008000b4c                GPIO_voidSetAlternativeFunction
 .text.HLink_voidSendMessageDirectly
                0x0000000008000d20       0x4c ./Src/Link_Porgram.o
                0x0000000008000d20                HLink_voidSendMessageDirectly
 .text.RCC_u8SystemClkInitialization
                0x0000000008000d6c      0x168 ./Src/RCC_Program.o
                0x0000000008000d6c                RCC_u8SystemClkInitialization
 .text.RCC_u8Enable
                0x0000000008000ed4       0xac ./Src/RCC_Program.o
                0x0000000008000ed4                RCC_u8Enable
 .text.SPI_u8Initialization
                0x0000000008000f80      0x12e ./Src/SPI_Program.o
                0x0000000008000f80                SPI_u8Initialization
 .text.SPI_u8MasterMode
                0x00000000080010ae       0x38 ./Src/SPI_Program.o
                0x00000000080010ae                SPI_u8MasterMode
 .text.HTIM_voidChangeAndUpdateTiming
                0x00000000080010e6       0x6c ./Src/TIM_HAL_Program.o
                0x00000000080010e6                HTIM_voidChangeAndUpdateTiming
 .text.HTIM_voidDelayMilliseconds
                0x0000000008001152       0x44 ./Src/TIM_HAL_Program.o
                0x0000000008001152                HTIM_voidDelayMilliseconds
 *fill*         0x0000000008001196        0x2 
 .text.MTIM_u32ReadCounterValue
                0x0000000008001198       0x24 ./Src/TIM_Program.o
                0x0000000008001198                MTIM_u32ReadCounterValue
 .text.MTIM_voidSetPrescaler
                0x00000000080011bc       0x2c ./Src/TIM_Program.o
                0x00000000080011bc                MTIM_voidSetPrescaler
 .text.MTIM_voidSetAutoReloadValue
                0x00000000080011e8       0x2c ./Src/TIM_Program.o
                0x00000000080011e8                MTIM_voidSetAutoReloadValue
 .text.MTIM_voidEnableTimer
                0x0000000008001214       0x34 ./Src/TIM_Program.o
                0x0000000008001214                MTIM_voidEnableTimer
 .text.MTIM_voidDisableTimer
                0x0000000008001248       0x34 ./Src/TIM_Program.o
                0x0000000008001248                MTIM_voidDisableTimer
 .text.MTIM_voidEnableUpdateInterrupt
                0x000000000800127c       0x34 ./Src/TIM_Program.o
                0x000000000800127c                MTIM_voidEnableUpdateInterrupt
 .text.MTIM_voidDisableUpdateInterrupt
                0x00000000080012b0       0x34 ./Src/TIM_Program.o
                0x00000000080012b0                MTIM_voidDisableUpdateInterrupt
 .text.MTIM_voidUpdateGeneration
                0x00000000080012e4       0x34 ./Src/TIM_Program.o
                0x00000000080012e4                MTIM_voidUpdateGeneration
 .text.MTIM_voidclearUpdateInterrupt
                0x0000000008001318       0x34 ./Src/TIM_Program.o
                0x0000000008001318                MTIM_voidclearUpdateInterrupt
 .text.MTIM_u8ReadUpdateInterrupt
                0x000000000800134c       0x2c ./Src/TIM_Program.o
                0x000000000800134c                MTIM_u8ReadUpdateInterrupt
 .text.pvPortMalloc
                0x0000000008001378      0x1c0 ./Src/heap_4.o
                0x0000000008001378                pvPortMalloc
 .text.vPortFree
                0x0000000008001538       0xc4 ./Src/heap_4.o
                0x0000000008001538                vPortFree
 .text.prvHeapInit
                0x00000000080015fc       0xc4 ./Src/heap_4.o
 .text.prvInsertBlockIntoFreeList
                0x00000000080016c0       0xb4 ./Src/heap_4.o
 .text.vListInitialise
                0x0000000008001774       0x40 ./Src/list.o
                0x0000000008001774                vListInitialise
 .text.vListInitialiseItem
                0x00000000080017b4       0x1a ./Src/list.o
                0x00000000080017b4                vListInitialiseItem
 .text.vListInsert
                0x00000000080017ce       0x72 ./Src/list.o
                0x00000000080017ce                vListInsert
 .text.uxListRemove
                0x0000000008001840       0x54 ./Src/list.o
                0x0000000008001840                uxListRemove
 .text.FireSensing
                0x0000000008001894       0x34 ./Src/main.o
                0x0000000008001894                FireSensing
 .text.FireAction
                0x00000000080018c8       0x58 ./Src/main.o
                0x00000000080018c8                FireAction
 .text.PIRSensing
                0x0000000008001920       0x34 ./Src/main.o
                0x0000000008001920                PIRSensing
 .text.PIRAction
                0x0000000008001954       0x48 ./Src/main.o
                0x0000000008001954                PIRAction
 .text.DoorSystemSensing
                0x000000000800199c       0x34 ./Src/main.o
                0x000000000800199c                DoorSystemSensing
 .text.DoorSystemAction
                0x00000000080019d0       0x3c ./Src/main.o
                0x00000000080019d0                DoorSystemAction
 .text.TempSensing
                0x0000000008001a0c       0x34 ./Src/main.o
                0x0000000008001a0c                TempSensing
 .text.TempAction
                0x0000000008001a40       0xa4 ./Src/main.o
                0x0000000008001a40                TempAction
 .text.main     0x0000000008001ae4      0x1cc ./Src/main.o
                0x0000000008001ae4                main
 .text.pxPortInitialiseStack
                0x0000000008001cb0       0x68 ./Src/port.o
                0x0000000008001cb0                pxPortInitialiseStack
 .text.prvTaskExitError
                0x0000000008001d18       0x58 ./Src/port.o
 .text.SVC_Handler
                0x0000000008001d70       0x28 ./Src/port.o
                0x0000000008001d70                SVC_Handler
 .text.prvPortStartFirstTask
                0x0000000008001d98       0x2c ./Src/port.o
 .text.xPortStartScheduler
                0x0000000008001dc4      0x144 ./Src/port.o
                0x0000000008001dc4                xPortStartScheduler
 .text.vPortEnterCritical
                0x0000000008001f08       0x60 ./Src/port.o
                0x0000000008001f08                vPortEnterCritical
 .text.vPortExitCritical
                0x0000000008001f68       0x54 ./Src/port.o
                0x0000000008001f68                vPortExitCritical
 *fill*         0x0000000008001fbc        0x4 
 .text.PendSV_Handler
                0x0000000008001fc0       0x68 ./Src/port.o
                0x0000000008001fc0                PendSV_Handler
 .text.SysTick_Handler
                0x0000000008002028       0x44 ./Src/port.o
                0x0000000008002028                SysTick_Handler
 .text.vPortSetupTimerInterrupt
                0x000000000800206c       0x34 ./Src/port.o
                0x000000000800206c                vPortSetupTimerInterrupt
 .text.vPortEnableVFP
                0x00000000080020a0       0x18 ./Src/port.o
 .text.xQueueGenericReset
                0x00000000080020b8      0x104 ./Src/queue.o
                0x00000000080020b8                xQueueGenericReset
 .text.xQueueGenericCreate
                0x00000000080021bc       0x9c ./Src/queue.o
                0x00000000080021bc                xQueueGenericCreate
 .text.prvInitialiseNewQueue
                0x0000000008002258       0x46 ./Src/queue.o
 *fill*         0x000000000800229e        0x2 
 .text.xQueueReceive
                0x00000000080022a0      0x1a8 ./Src/queue.o
                0x00000000080022a0                xQueueReceive
 .text.prvCopyDataFromQueue
                0x0000000008002448       0x4c ./Src/queue.o
 .text.prvUnlockQueue
                0x0000000008002494       0xa4 ./Src/queue.o
 .text.prvIsQueueEmpty
                0x0000000008002538       0x2c ./Src/queue.o
 .text.vQueueAddToRegistry
                0x0000000008002564       0x9c ./Src/queue.o
                0x0000000008002564                vQueueAddToRegistry
 .text.vQueueWaitForMessageRestricted
                0x0000000008002600       0x68 ./Src/queue.o
                0x0000000008002600                vQueueWaitForMessageRestricted
 .text.xTaskCreate
                0x0000000008002668       0x82 ./Src/tasks.o
                0x0000000008002668                xTaskCreate
 .text.prvInitialiseNewTask
                0x00000000080026ea      0x148 ./Src/tasks.o
 *fill*         0x0000000008002832        0x2 
 .text.prvAddNewTaskToReadyList
                0x0000000008002834      0x110 ./Src/tasks.o
 .text.xTaskDelayUntil
                0x0000000008002944       0xfc ./Src/tasks.o
                0x0000000008002944                xTaskDelayUntil
 .text.vTaskStartScheduler
                0x0000000008002a40       0xa4 ./Src/tasks.o
                0x0000000008002a40                vTaskStartScheduler
 .text.vTaskSuspendAll
                0x0000000008002ae4       0x1c ./Src/tasks.o
                0x0000000008002ae4                vTaskSuspendAll
 .text.xTaskResumeAll
                0x0000000008002b00      0x1dc ./Src/tasks.o
                0x0000000008002b00                xTaskResumeAll
 .text.xTaskGetTickCount
                0x0000000008002cdc       0x20 ./Src/tasks.o
                0x0000000008002cdc                xTaskGetTickCount
 .text.xTaskIncrementTick
                0x0000000008002cfc      0x1e8 ./Src/tasks.o
                0x0000000008002cfc                xTaskIncrementTick
 .text.vTaskSwitchContext
                0x0000000008002ee4       0xb8 ./Src/tasks.o
                0x0000000008002ee4                vTaskSwitchContext
 .text.vTaskPlaceOnEventList
                0x0000000008002f9c       0x48 ./Src/tasks.o
                0x0000000008002f9c                vTaskPlaceOnEventList
 .text.vTaskPlaceOnEventListRestricted
                0x0000000008002fe4       0x8c ./Src/tasks.o
                0x0000000008002fe4                vTaskPlaceOnEventListRestricted
 .text.xTaskRemoveFromEventList
                0x0000000008003070      0x1ac ./Src/tasks.o
                0x0000000008003070                xTaskRemoveFromEventList
 .text.vTaskInternalSetTimeOutState
                0x000000000800321c       0x2c ./Src/tasks.o
                0x000000000800321c                vTaskInternalSetTimeOutState
 .text.xTaskCheckForTimeOut
                0x0000000008003248       0xcc ./Src/tasks.o
                0x0000000008003248                xTaskCheckForTimeOut
 .text.vTaskMissedYield
                0x0000000008003314       0x18 ./Src/tasks.o
                0x0000000008003314                vTaskMissedYield
 .text.prvIdleTask
                0x000000000800332c       0x24 ./Src/tasks.o
 .text.prvInitialiseTaskLists
                0x0000000008003350       0x80 ./Src/tasks.o
 .text.prvCheckTasksWaitingTermination
                0x00000000080033d0       0x5c ./Src/tasks.o
 .text.prvDeleteTCB
                0x000000000800342c       0x20 ./Src/tasks.o
 .text.prvResetNextTaskUnblockTime
                0x000000000800344c       0x38 ./Src/tasks.o
 .text.xTaskGetSchedulerState
                0x0000000008003484       0x3c ./Src/tasks.o
                0x0000000008003484                xTaskGetSchedulerState
 .text.prvAddCurrentTaskToDelayedList
                0x00000000080034c0      0x100 ./Src/tasks.o
 .text.xTimerCreateTimerTask
                0x00000000080035c0       0x64 ./Src/timers.o
                0x00000000080035c0                xTimerCreateTimerTask
 .text.prvReloadTimer
                0x0000000008003624       0x42 ./Src/timers.o
 *fill*         0x0000000008003666        0x2 
 .text.prvProcessExpiredTimer
                0x0000000008003668       0x60 ./Src/timers.o
 .text.prvTimerTask
                0x00000000080036c8       0x24 ./Src/timers.o
 .text.prvProcessTimerOrBlockTask
                0x00000000080036ec       0x9c ./Src/timers.o
 .text.prvGetNextExpireTime
                0x0000000008003788       0x48 ./Src/timers.o
 .text.prvSampleTimeNow
                0x00000000080037d0       0x40 ./Src/timers.o
 .text.prvInsertTimerInActiveList
                0x0000000008003810       0x84 ./Src/timers.o
 .text.prvProcessReceivedCommands
                0x0000000008003894      0x17c ./Src/timers.o
 .text.prvSwitchTimerLists
                0x0000000008003a10       0x4c ./Src/timers.o
 .text.prvCheckForValidListAndQueue
                0x0000000008003a5c       0x6c ./Src/timers.o
 .text.Reset_Handler
                0x0000000008003ac8       0x50 ./Startup/startup_stm32f401ccux.o
                0x0000000008003ac8                Reset_Handler
 .text.Default_Handler
                0x0000000008003b18        0x2 ./Startup/startup_stm32f401ccux.o
                0x0000000008003b18                EXTI2_IRQHandler
                0x0000000008003b18                DebugMon_Handler
                0x0000000008003b18                SPI4_IRQHandler
                0x0000000008003b18                TIM1_CC_IRQHandler
                0x0000000008003b18                HardFault_Handler
                0x0000000008003b18                SDIO_IRQHandler
                0x0000000008003b18                TAMP_STAMP_IRQHandler
                0x0000000008003b18                NMI_Handler
                0x0000000008003b18                EXTI3_IRQHandler
                0x0000000008003b18                TIM1_UP_TIM10_IRQHandler
                0x0000000008003b18                I2C3_ER_IRQHandler
                0x0000000008003b18                EXTI18_OTG_FS_WKUP_IRQHandler
                0x0000000008003b18                EXTI0_IRQHandler
                0x0000000008003b18                I2C2_EV_IRQHandler
                0x0000000008003b18                FPU_IRQHandler
                0x0000000008003b18                UsageFault_Handler
                0x0000000008003b18                SPI1_IRQHandler
                0x0000000008003b18                TIM1_BRK_TIM9_IRQHandler
                0x0000000008003b18                USART6_IRQHandler
                0x0000000008003b18                TIM4_IRQHandler
                0x0000000008003b18                I2C1_EV_IRQHandler
                0x0000000008003b18                TIM3_IRQHandler
                0x0000000008003b18                RCC_IRQHandler
                0x0000000008003b18                Default_Handler
                0x0000000008003b18                EXTI15_10_IRQHandler
                0x0000000008003b18                ADC_IRQHandler
                0x0000000008003b18                TIM5_IRQHandler
                0x0000000008003b18                I2C3_EV_IRQHandler
                0x0000000008003b18                EXTI9_5_IRQHandler
                0x0000000008003b18                SPI2_IRQHandler
                0x0000000008003b18                MemManage_Handler
                0x0000000008003b18                EXTI4_IRQHandler
                0x0000000008003b18                EXTI22_RTC_WKUP_IRQHandler
                0x0000000008003b18                TIM2_IRQHandler
                0x0000000008003b18                EXTI16_PVD_IRQHandler
                0x0000000008003b18                TIM1_TRG_COM_TIM11_IRQHandler
                0x0000000008003b18                EXTI1_IRQHandler
                0x0000000008003b18                EXTI17_RTC_Alarm_IRQHandler
                0x0000000008003b18                USART2_IRQHandler
                0x0000000008003b18                I2C2_ER_IRQHandler
                0x0000000008003b18                FLASH_IRQHandler
                0x0000000008003b18                BusFault_Handler
                0x0000000008003b18                USART1_IRQHandler
                0x0000000008003b18                OTG_FS_IRQHandler
                0x0000000008003b18                SPI3_IRQHandler
                0x0000000008003b18                I2C1_ER_IRQHandler
 *fill*         0x0000000008003b1a        0x2 
 .text.__libc_init_array
                0x0000000008003b1c       0x48 c:/st/stm32cubeide_1.10.1/stm32cubeide/plugins/com.st.stm32cube.ide.mcu.externaltools.gnu-tools-for-stm32.10.3-2021.10.win32_1.0.0.202111181127/tools/bin/../lib/gcc/arm-none-eabi/10.3.1/../../../../arm-none-eabi/lib/thumb/v7e-m+fp/hard\libc_nano.a(lib_a-init.o)
                0x0000000008003b1c                __libc_init_array
 .text.memcpy   0x0000000008003b64       0x1c c:/st/stm32cubeide_1.10.1/stm32cubeide/plugins/com.st.stm32cube.ide.mcu.externaltools.gnu-tools-for-stm32.10.3-2021.10.win32_1.0.0.202111181127/tools/bin/../lib/gcc/arm-none-eabi/10.3.1/../../../../arm-none-eabi/lib/thumb/v7e-m+fp/hard\libc_nano.a(lib_a-memcpy-stub.o)
                0x0000000008003b64                memcpy
 .text.memset   0x0000000008003b80       0x10 c:/st/stm32cubeide_1.10.1/stm32cubeide/plugins/com.st.stm32cube.ide.mcu.externaltools.gnu-tools-for-stm32.10.3-2021.10.win32_1.0.0.202111181127/tools/bin/../lib/gcc/arm-none-eabi/10.3.1/../../../../arm-none-eabi/lib/thumb/v7e-m+fp/hard\libc_nano.a(lib_a-memset.o)
                0x0000000008003b80                memset
 *(.glue_7)
 .glue_7        0x0000000008003b90        0x0 linker stubs
 *(.glue_7t)
 .glue_7t       0x0000000008003b90        0x0 linker stubs
 *(.eh_frame)
 .eh_frame      0x0000000008003b90        0x0 c:/st/stm32cubeide_1.10.1/stm32cubeide/plugins/com.st.stm32cube.ide.mcu.externaltools.gnu-tools-for-stm32.10.3-2021.10.win32_1.0.0.202111181127/tools/bin/../lib/gcc/arm-none-eabi/10.3.1/thumb/v7e-m+fp/hard/crtbegin.o
 *(.init)
 .init          0x0000000008003b90        0x4 c:/st/stm32cubeide_1.10.1/stm32cubeide/plugins/com.st.stm32cube.ide.mcu.externaltools.gnu-tools-for-stm32.10.3-2021.10.win32_1.0.0.202111181127/tools/bin/../lib/gcc/arm-none-eabi/10.3.1/thumb/v7e-m+fp/hard/crti.o
                0x0000000008003b90                _init
 .init          0x0000000008003b94        0x8 c:/st/stm32cubeide_1.10.1/stm32cubeide/plugins/com.st.stm32cube.ide.mcu.externaltools.gnu-tools-for-stm32.10.3-2021.10.win32_1.0.0.202111181127/tools/bin/../lib/gcc/arm-none-eabi/10.3.1/thumb/v7e-m+fp/hard/crtn.o
 *(.fini)
 .fini          0x0000000008003b9c        0x4 c:/st/stm32cubeide_1.10.1/stm32cubeide/plugins/com.st.stm32cube.ide.mcu.externaltools.gnu-tools-for-stm32.10.3-2021.10.win32_1.0.0.202111181127/tools/bin/../lib/gcc/arm-none-eabi/10.3.1/thumb/v7e-m+fp/hard/crti.o
                0x0000000008003b9c                _fini
 .fini          0x0000000008003ba0        0x8 c:/st/stm32cubeide_1.10.1/stm32cubeide/plugins/com.st.stm32cube.ide.mcu.externaltools.gnu-tools-for-stm32.10.3-2021.10.win32_1.0.0.202111181127/tools/bin/../lib/gcc/arm-none-eabi/10.3.1/thumb/v7e-m+fp/hard/crtn.o
                0x0000000008003ba8                . = ALIGN (0x4)
                0x0000000008003ba8                _etext = .

.vfp11_veneer   0x0000000008003ba8        0x0
 .vfp11_veneer  0x0000000008003ba8        0x0 linker stubs

.v4_bx          0x0000000008003ba8        0x0
 .v4_bx         0x0000000008003ba8        0x0 linker stubs

.iplt           0x0000000008003ba8        0x0
 .iplt          0x0000000008003ba8        0x0 c:/st/stm32cubeide_1.10.1/stm32cubeide/plugins/com.st.stm32cube.ide.mcu.externaltools.gnu-tools-for-stm32.10.3-2021.10.win32_1.0.0.202111181127/tools/bin/../lib/gcc/arm-none-eabi/10.3.1/thumb/v7e-m+fp/hard/crtbegin.o

.rodata         0x0000000008003ba8       0x48
                0x0000000008003ba8                . = ALIGN (0x4)
 *(.rodata)
 .rodata        0x0000000008003ba8        0x5 ./Src/tasks.o
 *fill*         0x0000000008003bad        0x3 
 .rodata        0x0000000008003bb0        0xd ./Src/timers.o
 *(.rodata*)
 *fill*         0x0000000008003bbd        0x3 
 .rodata._TIM_ARR
                0x0000000008003bc0       0x30 ./Src/TIM_Program.o
                0x0000000008003bc0                _TIM_ARR
                0x0000000008003bf0                . = ALIGN (0x4)

.rel.dyn        0x0000000008003bf0        0x0
 .rel.iplt      0x0000000008003bf0        0x0 c:/st/stm32cubeide_1.10.1/stm32cubeide/plugins/com.st.stm32cube.ide.mcu.externaltools.gnu-tools-for-stm32.10.3-2021.10.win32_1.0.0.202111181127/tools/bin/../lib/gcc/arm-none-eabi/10.3.1/thumb/v7e-m+fp/hard/crtbegin.o

.ARM.extab      0x0000000008003bf0        0x0
                0x0000000008003bf0                . = ALIGN (0x4)
 *(.ARM.extab* .gnu.linkonce.armextab.*)
                0x0000000008003bf0                . = ALIGN (0x4)

.ARM            0x0000000008003bf0        0x0
                0x0000000008003bf0                . = ALIGN (0x4)
                0x0000000008003bf0                __exidx_start = .
 *(.ARM.exidx*)
                0x0000000008003bf0                __exidx_end = .
                0x0000000008003bf0                . = ALIGN (0x4)

.preinit_array  0x0000000008003bf0        0x0
                0x0000000008003bf0                . = ALIGN (0x4)
                0x0000000008003bf0                PROVIDE (__preinit_array_start = .)
 *(.preinit_array*)
                0x0000000008003bf0                PROVIDE (__preinit_array_end = .)
                0x0000000008003bf0                . = ALIGN (0x4)

.init_array     0x0000000008003bf0        0x4
                0x0000000008003bf0                . = ALIGN (0x4)
                0x0000000008003bf0                PROVIDE (__init_array_start = .)
 *(SORT_BY_NAME(.init_array.*))
 *(.init_array*)
 .init_array    0x0000000008003bf0        0x4 c:/st/stm32cubeide_1.10.1/stm32cubeide/plugins/com.st.stm32cube.ide.mcu.externaltools.gnu-tools-for-stm32.10.3-2021.10.win32_1.0.0.202111181127/tools/bin/../lib/gcc/arm-none-eabi/10.3.1/thumb/v7e-m+fp/hard/crtbegin.o
                0x0000000008003bf4                PROVIDE (__init_array_end = .)
                0x0000000008003bf4                . = ALIGN (0x4)

.fini_array     0x0000000008003bf4        0x4
                0x0000000008003bf4                . = ALIGN (0x4)
                [!provide]                        PROVIDE (__fini_array_start = .)
 *(SORT_BY_NAME(.fini_array.*))
 *(.fini_array*)
 .fini_array    0x0000000008003bf4        0x4 c:/st/stm32cubeide_1.10.1/stm32cubeide/plugins/com.st.stm32cube.ide.mcu.externaltools.gnu-tools-for-stm32.10.3-2021.10.win32_1.0.0.202111181127/tools/bin/../lib/gcc/arm-none-eabi/10.3.1/thumb/v7e-m+fp/hard/crtbegin.o
                [!provide]                        PROVIDE (__fini_array_end = .)
                0x0000000008003bf8                . = ALIGN (0x4)
                0x0000000008003bf8                _sidata = LOADADDR (.data)

.data           0x0000000020000000        0x8 load address 0x0000000008003bf8
                0x0000000020000000                . = ALIGN (0x4)
                0x0000000020000000                _sdata = .
 *(.data)
 *(.data*)
 .data.uxCriticalNesting
                0x0000000020000000        0x4 ./Src/port.o
 .data.uxTopUsedPriority
                0x0000000020000004        0x4 ./Src/tasks.o
                0x0000000020000004                uxTopUsedPriority
 *(.RamFunc)
 *(.RamFunc*)
                0x0000000020000008                . = ALIGN (0x4)
                0x0000000020000008                _edata = .

.igot.plt       0x0000000020000008        0x0 load address 0x0000000008003c00
 .igot.plt      0x0000000020000008        0x0 c:/st/stm32cubeide_1.10.1/stm32cubeide/plugins/com.st.stm32cube.ide.mcu.externaltools.gnu-tools-for-stm32.10.3-2021.10.win32_1.0.0.202111181127/tools/bin/../lib/gcc/arm-none-eabi/10.3.1/thumb/v7e-m+fp/hard/crtbegin.o
                0x0000000020000008                . = ALIGN (0x4)

.bss            0x0000000020000008     0xca2c load address 0x0000000008003c00
                0x0000000020000008                _sbss = .
                0x0000000020000008                __bss_start__ = _sbss
 *(.bss)
 .bss           0x0000000020000008       0x1c c:/st/stm32cubeide_1.10.1/stm32cubeide/plugins/com.st.stm32cube.ide.mcu.externaltools.gnu-tools-for-stm32.10.3-2021.10.win32_1.0.0.202111181127/tools/bin/../lib/gcc/arm-none-eabi/10.3.1/thumb/v7e-m+fp/hard/crtbegin.o
 *(.bss*)
 .bss.DHT11_DATA
                0x0000000020000024        0x5 ./Src/DHT11_Program.o
                0x0000000020000024                DHT11_DATA
 .bss.u8TempReading
                0x0000000020000029        0x1 ./Src/DHT11_Program.o
 *fill*         0x000000002000002a        0x2 
 .bss.u8TimeInstance1
                0x000000002000002c        0x4 ./Src/DHT11_Program.o
 .bss.u8TimeInstance2
                0x0000000020000030        0x4 ./Src/DHT11_Program.o
 .bss.u8PulseDuration
                0x0000000020000034        0x4 ./Src/DHT11_Program.o
 .bss.ucHeap    0x0000000020000038     0xc800 ./Src/heap_4.o
 .bss.xStart    0x000000002000c838        0x8 ./Src/heap_4.o
 .bss.pxEnd     0x000000002000c840        0x4 ./Src/heap_4.o
 .bss.xFreeBytesRemaining
                0x000000002000c844        0x4 ./Src/heap_4.o
 .bss.xMinimumEverFreeBytesRemaining
                0x000000002000c848        0x4 ./Src/heap_4.o
 .bss.xNumberOfSuccessfulAllocations
                0x000000002000c84c        0x4 ./Src/heap_4.o
 .bss.xNumberOfSuccessfulFrees
                0x000000002000c850        0x4 ./Src/heap_4.o
 .bss.xBlockAllocatedBit
                0x000000002000c854        0x4 ./Src/heap_4.o
 .bss.PIR_ReadingValue
                0x000000002000c858        0x1 ./Src/main.o
                0x000000002000c858                PIR_ReadingValue
 .bss.FireSensor_ReadingValue
                0x000000002000c859        0x1 ./Src/main.o
                0x000000002000c859                FireSensor_ReadingValue
 .bss.SwitchReading
                0x000000002000c85a        0x1 ./Src/main.o
                0x000000002000c85a                SwitchReading
 .bss.Humidity  0x000000002000c85b        0x1 ./Src/main.o
                0x000000002000c85b                Humidity
 .bss.Temperature
                0x000000002000c85c        0x1 ./Src/main.o
                0x000000002000c85c                Temperature
 .bss.ucMaxSysCallPriority
                0x000000002000c85d        0x1 ./Src/port.o
 *fill*         0x000000002000c85e        0x2 
 .bss.ulMaxPRIGROUPValue
                0x000000002000c860        0x4 ./Src/port.o
 .bss.xQueueRegistry
                0x000000002000c864       0x40 ./Src/queue.o
                0x000000002000c864                xQueueRegistry
 .bss.pxCurrentTCB
                0x000000002000c8a4        0x4 ./Src/tasks.o
                0x000000002000c8a4                pxCurrentTCB
 .bss.pxReadyTasksLists
                0x000000002000c8a8       0xb4 ./Src/tasks.o
 .bss.xDelayedTaskList1
                0x000000002000c95c       0x14 ./Src/tasks.o
 .bss.xDelayedTaskList2
                0x000000002000c970       0x14 ./Src/tasks.o
 .bss.pxDelayedTaskList
                0x000000002000c984        0x4 ./Src/tasks.o
 .bss.pxOverflowDelayedTaskList
                0x000000002000c988        0x4 ./Src/tasks.o
 .bss.xPendingReadyList
                0x000000002000c98c       0x14 ./Src/tasks.o
 .bss.xTasksWaitingTermination
                0x000000002000c9a0       0x14 ./Src/tasks.o
 .bss.uxDeletedTasksWaitingCleanUp
                0x000000002000c9b4        0x4 ./Src/tasks.o
 .bss.xSuspendedTaskList
                0x000000002000c9b8       0x14 ./Src/tasks.o
 .bss.uxCurrentNumberOfTasks
                0x000000002000c9cc        0x4 ./Src/tasks.o
 .bss.xTickCount
                0x000000002000c9d0        0x4 ./Src/tasks.o
 .bss.uxTopReadyPriority
                0x000000002000c9d4        0x4 ./Src/tasks.o
 .bss.xSchedulerRunning
                0x000000002000c9d8        0x4 ./Src/tasks.o
 .bss.xPendedTicks
                0x000000002000c9dc        0x4 ./Src/tasks.o
 .bss.xYieldPending
                0x000000002000c9e0        0x4 ./Src/tasks.o
 .bss.xNumOfOverflows
                0x000000002000c9e4        0x4 ./Src/tasks.o
 .bss.uxTaskNumber
                0x000000002000c9e8        0x4 ./Src/tasks.o
 .bss.xNextTaskUnblockTime
                0x000000002000c9ec        0x4 ./Src/tasks.o
 .bss.xIdleTaskHandle
                0x000000002000c9f0        0x4 ./Src/tasks.o
 .bss.uxSchedulerSuspended
                0x000000002000c9f4        0x4 ./Src/tasks.o
 .bss.xActiveTimerList1
                0x000000002000c9f8       0x14 ./Src/timers.o
 .bss.xActiveTimerList2
                0x000000002000ca0c       0x14 ./Src/timers.o
 .bss.pxCurrentTimerList
                0x000000002000ca20        0x4 ./Src/timers.o
 .bss.pxOverflowTimerList
                0x000000002000ca24        0x4 ./Src/timers.o
 .bss.xTimerQueue
                0x000000002000ca28        0x4 ./Src/timers.o
 .bss.xTimerTaskHandle
                0x000000002000ca2c        0x4 ./Src/timers.o
 .bss.xLastTime.0
                0x000000002000ca30        0x4 ./Src/timers.o
 *(COMMON)
                0x000000002000ca34                . = ALIGN (0x4)
                0x000000002000ca34                _ebss = .
                0x000000002000ca34                __bss_end__ = _ebss

._user_heap_stack
                0x000000002000ca34      0x604 load address 0x0000000008003c00
                0x000000002000ca38                . = ALIGN (0x8)
 *fill*         0x000000002000ca34        0x4 
                [!provide]                        PROVIDE (end = .)
                0x000000002000ca38                PROVIDE (_end = .)
                0x000000002000cc38                . = (. + _Min_Heap_Size)
 *fill*         0x000000002000ca38      0x200 
                0x000000002000d038                . = (. + _Min_Stack_Size)
 *fill*         0x000000002000cc38      0x400 
                0x000000002000d038                . = ALIGN (0x8)

/DISCARD/
 libc.a(*)
 libm.a(*)
 libgcc.a(*)

.ARM.attributes
                0x0000000000000000       0x30
 *(.ARM.attributes)
 .ARM.attributes
                0x0000000000000000       0x1e c:/st/stm32cubeide_1.10.1/stm32cubeide/plugins/com.st.stm32cube.ide.mcu.externaltools.gnu-tools-for-stm32.10.3-2021.10.win32_1.0.0.202111181127/tools/bin/../lib/gcc/arm-none-eabi/10.3.1/thumb/v7e-m+fp/hard/crti.o
 .ARM.attributes
                0x000000000000001e       0x34 c:/st/stm32cubeide_1.10.1/stm32cubeide/plugins/com.st.stm32cube.ide.mcu.externaltools.gnu-tools-for-stm32.10.3-2021.10.win32_1.0.0.202111181127/tools/bin/../lib/gcc/arm-none-eabi/10.3.1/thumb/v7e-m+fp/hard/crtbegin.o
 .ARM.attributes
                0x0000000000000052       0x34 ./Src/DHT11_Program.o
 .ARM.attributes
                0x0000000000000086       0x34 ./Src/GPIO_Program.o
 .ARM.attributes
                0x00000000000000ba       0x34 ./Src/Link_Porgram.o
 .ARM.attributes
                0x00000000000000ee       0x34 ./Src/RCC_Program.o
 .ARM.attributes
                0x0000000000000122       0x34 ./Src/SPI_Program.o
 .ARM.attributes
                0x0000000000000156       0x34 ./Src/TIM_HAL_Program.o
 .ARM.attributes
                0x000000000000018a       0x34 ./Src/TIM_Program.o
 .ARM.attributes
                0x00000000000001be       0x34 ./Src/heap_4.o
 .ARM.attributes
                0x00000000000001f2       0x34 ./Src/list.o
 .ARM.attributes
                0x0000000000000226       0x34 ./Src/main.o
 .ARM.attributes
                0x000000000000025a       0x34 ./Src/port.o
 .ARM.attributes
                0x000000000000028e       0x34 ./Src/queue.o
 .ARM.attributes
                0x00000000000002c2       0x34 ./Src/tasks.o
 .ARM.attributes
                0x00000000000002f6       0x34 ./Src/timers.o
 .ARM.attributes
                0x000000000000032a       0x21 ./Startup/startup_stm32f401ccux.o
 .ARM.attributes
                0x000000000000034b       0x34 c:/st/stm32cubeide_1.10.1/stm32cubeide/plugins/com.st.stm32cube.ide.mcu.externaltools.gnu-tools-for-stm32.10.3-2021.10.win32_1.0.0.202111181127/tools/bin/../lib/gcc/arm-none-eabi/10.3.1/../../../../arm-none-eabi/lib/thumb/v7e-m+fp/hard\libc_nano.a(lib_a-init.o)
 .ARM.attributes
                0x000000000000037f       0x34 c:/st/stm32cubeide_1.10.1/stm32cubeide/plugins/com.st.stm32cube.ide.mcu.externaltools.gnu-tools-for-stm32.10.3-2021.10.win32_1.0.0.202111181127/tools/bin/../lib/gcc/arm-none-eabi/10.3.1/../../../../arm-none-eabi/lib/thumb/v7e-m+fp/hard\libc_nano.a(lib_a-memcpy-stub.o)
 .ARM.attributes
                0x00000000000003b3       0x34 c:/st/stm32cubeide_1.10.1/stm32cubeide/plugins/com.st.stm32cube.ide.mcu.externaltools.gnu-tools-for-stm32.10.3-2021.10.win32_1.0.0.202111181127/tools/bin/../lib/gcc/arm-none-eabi/10.3.1/../../../../arm-none-eabi/lib/thumb/v7e-m+fp/hard\libc_nano.a(lib_a-memset.o)
 .ARM.attributes
                0x00000000000003e7       0x1e c:/st/stm32cubeide_1.10.1/stm32cubeide/plugins/com.st.stm32cube.ide.mcu.externaltools.gnu-tools-for-stm32.10.3-2021.10.win32_1.0.0.202111181127/tools/bin/../lib/gcc/arm-none-eabi/10.3.1/thumb/v7e-m+fp/hard/crtn.o
OUTPUT(Graduation_Project.elf elf32-littlearm)
LOAD linker stubs
LOAD c:/st/stm32cubeide_1.10.1/stm32cubeide/plugins/com.st.stm32cube.ide.mcu.externaltools.gnu-tools-for-stm32.10.3-2021.10.win32_1.0.0.202111181127/tools/bin/../lib/gcc/arm-none-eabi/10.3.1/../../../../arm-none-eabi/lib/thumb/v7e-m+fp/hard\libc.a
LOAD c:/st/stm32cubeide_1.10.1/stm32cubeide/plugins/com.st.stm32cube.ide.mcu.externaltools.gnu-tools-for-stm32.10.3-2021.10.win32_1.0.0.202111181127/tools/bin/../lib/gcc/arm-none-eabi/10.3.1/../../../../arm-none-eabi/lib/thumb/v7e-m+fp/hard\libm.a
LOAD c:/st/stm32cubeide_1.10.1/stm32cubeide/plugins/com.st.stm32cube.ide.mcu.externaltools.gnu-tools-for-stm32.10.3-2021.10.win32_1.0.0.202111181127/tools/bin/../lib/gcc/arm-none-eabi/10.3.1/thumb/v7e-m+fp/hard\libgcc.a

.debug_info     0x0000000000000000     0x7a18
 .debug_info    0x0000000000000000      0x3a2 ./Src/DHT11_Program.o
 .debug_info    0x00000000000003a2      0x424 ./Src/GPIO_Program.o
 .debug_info    0x00000000000007c6      0x2a1 ./Src/Link_Porgram.o
 .debug_info    0x0000000000000a67      0x33a ./Src/RCC_Program.o
 .debug_info    0x0000000000000da1      0x28b ./Src/SPI_Program.o
 .debug_info    0x000000000000102c      0x401 ./Src/TIM_HAL_Program.o
 .debug_info    0x000000000000142d      0x4bc ./Src/TIM_Program.o
 .debug_info    0x00000000000018e9      0x50b ./Src/heap_4.o
 .debug_info    0x0000000000001df4      0x2d1 ./Src/list.o
 .debug_info    0x00000000000020c5      0x65d ./Src/main.o
 .debug_info    0x0000000000002722      0x4fb ./Src/port.o
 .debug_info    0x0000000000002c1d     0x1926 ./Src/queue.o
 .debug_info    0x0000000000004543     0x2630 ./Src/tasks.o
 .debug_info    0x0000000000006b73      0xe83 ./Src/timers.o
 .debug_info    0x00000000000079f6       0x22 ./Startup/startup_stm32f401ccux.o

.debug_abbrev   0x0000000000000000     0x1813
 .debug_abbrev  0x0000000000000000      0x17c ./Src/DHT11_Program.o
 .debug_abbrev  0x000000000000017c       0xd6 ./Src/GPIO_Program.o
 .debug_abbrev  0x0000000000000252      0x16a ./Src/Link_Porgram.o
 .debug_abbrev  0x00000000000003bc       0xde ./Src/RCC_Program.o
 .debug_abbrev  0x000000000000049a       0xf9 ./Src/SPI_Program.o
 .debug_abbrev  0x0000000000000593       0xeb ./Src/TIM_HAL_Program.o
 .debug_abbrev  0x000000000000067e      0x104 ./Src/TIM_Program.o
 .debug_abbrev  0x0000000000000782      0x212 ./Src/heap_4.o
 .debug_abbrev  0x0000000000000994       0xf2 ./Src/list.o
 .debug_abbrev  0x0000000000000a86      0x1e3 ./Src/main.o
 .debug_abbrev  0x0000000000000c69      0x246 ./Src/port.o
 .debug_abbrev  0x0000000000000eaf      0x312 ./Src/queue.o
 .debug_abbrev  0x00000000000011c1      0x37b ./Src/tasks.o
 .debug_abbrev  0x000000000000153c      0x2c5 ./Src/timers.o
 .debug_abbrev  0x0000000000001801       0x12 ./Startup/startup_stm32f401ccux.o

.debug_aranges  0x0000000000000000      0x7f0
 .debug_aranges
                0x0000000000000000       0x38 ./Src/DHT11_Program.o
 .debug_aranges
                0x0000000000000038       0x60 ./Src/GPIO_Program.o
 .debug_aranges
                0x0000000000000098       0x50 ./Src/Link_Porgram.o
 .debug_aranges
                0x00000000000000e8       0x30 ./Src/RCC_Program.o
 .debug_aranges
                0x0000000000000118       0x40 ./Src/SPI_Program.o
 .debug_aranges
                0x0000000000000158       0x38 ./Src/TIM_HAL_Program.o
 .debug_aranges
                0x0000000000000190       0xa8 ./Src/TIM_Program.o
 .debug_aranges
                0x0000000000000238       0x58 ./Src/heap_4.o
 .debug_aranges
                0x0000000000000290       0x40 ./Src/list.o
 .debug_aranges
                0x00000000000002d0       0x60 ./Src/main.o
 .debug_aranges
                0x0000000000000330       0x80 ./Src/port.o
 .debug_aranges
                0x00000000000003b0      0x130 ./Src/queue.o
 .debug_aranges
                0x00000000000004e0      0x208 ./Src/tasks.o
 .debug_aranges
                0x00000000000006e8       0xe0 ./Src/timers.o
 .debug_aranges
                0x00000000000007c8       0x28 ./Startup/startup_stm32f401ccux.o

.debug_ranges   0x0000000000000000      0x708
 .debug_ranges  0x0000000000000000       0x28 ./Src/DHT11_Program.o
 .debug_ranges  0x0000000000000028       0x50 ./Src/GPIO_Program.o
 .debug_ranges  0x0000000000000078       0x40 ./Src/Link_Porgram.o
 .debug_ranges  0x00000000000000b8       0x20 ./Src/RCC_Program.o
 .debug_ranges  0x00000000000000d8       0x30 ./Src/SPI_Program.o
 .debug_ranges  0x0000000000000108       0x28 ./Src/TIM_HAL_Program.o
 .debug_ranges  0x0000000000000130       0x98 ./Src/TIM_Program.o
 .debug_ranges  0x00000000000001c8       0x48 ./Src/heap_4.o
 .debug_ranges  0x0000000000000210       0x30 ./Src/list.o
 .debug_ranges  0x0000000000000240       0x50 ./Src/main.o
 .debug_ranges  0x0000000000000290       0x70 ./Src/port.o
 .debug_ranges  0x0000000000000300      0x120 ./Src/queue.o
 .debug_ranges  0x0000000000000420      0x1f8 ./Src/tasks.o
 .debug_ranges  0x0000000000000618       0xd0 ./Src/timers.o
 .debug_ranges  0x00000000000006e8       0x20 ./Startup/startup_stm32f401ccux.o

.debug_macro    0x0000000000000000     0x23f6
 .debug_macro   0x0000000000000000       0x76 ./Src/DHT11_Program.o
 .debug_macro   0x0000000000000076      0xa7e ./Src/DHT11_Program.o
 .debug_macro   0x0000000000000af4       0x16 ./Src/DHT11_Program.o
 .debug_macro   0x0000000000000b0a       0x22 ./Src/DHT11_Program.o
 .debug_macro   0x0000000000000b2c      0x271 ./Src/DHT11_Program.o
 .debug_macro   0x0000000000000d9d       0xd6 ./Src/DHT11_Program.o
 .debug_macro   0x0000000000000e73       0x52 ./Src/DHT11_Program.o
 .debug_macro   0x0000000000000ec5       0x2e ./Src/DHT11_Program.o
 .debug_macro   0x0000000000000ef3      0x12a ./Src/DHT11_Program.o
 .debug_macro   0x000000000000101d       0x46 ./Src/DHT11_Program.o
 .debug_macro   0x0000000000001063       0x10 ./Src/DHT11_Program.o
 .debug_macro   0x0000000000001073       0x49 ./Src/GPIO_Program.o
 .debug_macro   0x00000000000010bc       0x51 ./Src/Link_Porgram.o
 .debug_macro   0x000000000000110d       0x4c ./Src/Link_Porgram.o
 .debug_macro   0x0000000000001159       0xd6 ./Src/Link_Porgram.o
 .debug_macro   0x000000000000122f       0x10 ./Src/Link_Porgram.o
 .debug_macro   0x000000000000123f       0x40 ./Src/Link_Porgram.o
 .debug_macro   0x000000000000127f       0x47 ./Src/RCC_Program.o
 .debug_macro   0x00000000000012c6       0x84 ./Src/RCC_Program.o
 .debug_macro   0x000000000000134a       0xee ./Src/RCC_Program.o
 .debug_macro   0x0000000000001438       0x16 ./Src/RCC_Program.o
 .debug_macro   0x000000000000144e       0x3f ./Src/SPI_Program.o
 .debug_macro   0x000000000000148d       0x63 ./Src/TIM_HAL_Program.o
 .debug_macro   0x00000000000014f0       0x70 ./Src/TIM_HAL_Program.o
 .debug_macro   0x0000000000001560       0x2e ./Src/TIM_HAL_Program.o
 .debug_macro   0x000000000000158e       0x3e ./Src/TIM_Program.o
 .debug_macro   0x00000000000015cc       0x10 ./Src/TIM_Program.o
 .debug_macro   0x00000000000015dc      0x1b3 ./Src/heap_4.o
 .debug_macro   0x000000000000178f      0x198 ./Src/list.o
 .debug_macro   0x0000000000001927      0x115 ./Src/main.o
 .debug_macro   0x0000000000001a3c      0x19b ./Src/port.o
 .debug_macro   0x0000000000001bd7      0x221 ./Src/queue.o
 .debug_macro   0x0000000000001df8       0x16 ./Src/queue.o
 .debug_macro   0x0000000000001e0e       0x35 ./Src/queue.o
 .debug_macro   0x0000000000001e43       0x20 ./Src/queue.o
 .debug_macro   0x0000000000001e63       0x80 ./Src/queue.o
 .debug_macro   0x0000000000001ee3      0x27e ./Src/tasks.o
 .debug_macro   0x0000000000002161       0x17 ./Src/tasks.o
 .debug_macro   0x0000000000002178      0x1e7 ./Src/timers.o
 .debug_macro   0x000000000000235f       0x97 ./Src/timers.o

.debug_line     0x0000000000000000     0x6e34
 .debug_line    0x0000000000000000      0x369 ./Src/DHT11_Program.o
 .debug_line    0x0000000000000369      0x613 ./Src/GPIO_Program.o
 .debug_line    0x000000000000097c      0x27b ./Src/Link_Porgram.o
 .debug_line    0x0000000000000bf7      0x194 ./Src/RCC_Program.o
 .debug_line    0x0000000000000d8b      0x1bb ./Src/SPI_Program.o
 .debug_line    0x0000000000000f46      0x1a8 ./Src/TIM_HAL_Program.o
 .debug_line    0x00000000000010ee      0x26d ./Src/TIM_Program.o
 .debug_line    0x000000000000135b      0x89e ./Src/heap_4.o
 .debug_line    0x0000000000001bf9      0x664 ./Src/list.o
 .debug_line    0x000000000000225d      0x689 ./Src/main.o
 .debug_line    0x00000000000028e6      0x72e ./Src/port.o
 .debug_line    0x0000000000003014     0x1569 ./Src/queue.o
 .debug_line    0x000000000000457d     0x1cc3 ./Src/tasks.o
 .debug_line    0x0000000000006240      0xb70 ./Src/timers.o
 .debug_line    0x0000000000006db0       0x84 ./Startup/startup_stm32f401ccux.o

.debug_str      0x0000000000000000    0x11fd6
 .debug_str     0x0000000000000000     0x3f39 ./Src/DHT11_Program.o
                                       0x3fc3 (size before relaxing)
 .debug_str     0x0000000000003f39       0xd9 ./Src/GPIO_Program.o
                                       0x3386 (size before relaxing)
 .debug_str     0x0000000000004012      0x595 ./Src/Link_Porgram.o
                                       0x33c0 (size before relaxing)
 .debug_str     0x00000000000045a7      0x47b ./Src/RCC_Program.o
                                       0x347f (size before relaxing)
 .debug_str     0x0000000000004a22       0xe3 ./Src/SPI_Program.o
                                       0x326a (size before relaxing)
 .debug_str     0x0000000000004b05      0x4cd ./Src/TIM_HAL_Program.o
                                       0x3a62 (size before relaxing)
 .debug_str     0x0000000000004fd2      0x1d3 ./Src/TIM_Program.o
                                       0x3465 (size before relaxing)
 .debug_str     0x00000000000051a5     0x931f ./Src/heap_4.o
                                       0xc227 (size before relaxing)
 .debug_str     0x000000000000e4c4      0x119 ./Src/list.o
                                       0xad6f (size before relaxing)
 .debug_str     0x000000000000e5dd      0x12c ./Src/main.o
                                       0x9bb9 (size before relaxing)
 .debug_str     0x000000000000e709      0x7fa ./Src/port.o
                                       0x9835 (size before relaxing)
 .debug_str     0x000000000000ef03     0x114b ./Src/queue.o
                                       0xd1f3 (size before relaxing)
 .debug_str     0x000000000001004e     0x1a2b ./Src/tasks.o
                                       0xde7d (size before relaxing)
 .debug_str     0x0000000000011a79      0x52c ./Src/timers.o
                                       0xd5cc (size before relaxing)
 .debug_str     0x0000000000011fa5       0x31 ./Startup/startup_stm32f401ccux.o
                                         0x6b (size before relaxing)

.comment        0x0000000000000000       0x50
 .comment       0x0000000000000000       0x50 ./Src/DHT11_Program.o
                                         0x51 (size before relaxing)
 .comment       0x0000000000000050       0x51 ./Src/GPIO_Program.o
 .comment       0x0000000000000050       0x51 ./Src/Link_Porgram.o
 .comment       0x0000000000000050       0x51 ./Src/RCC_Program.o
 .comment       0x0000000000000050       0x51 ./Src/SPI_Program.o
 .comment       0x0000000000000050       0x51 ./Src/TIM_HAL_Program.o
 .comment       0x0000000000000050       0x51 ./Src/TIM_Program.o
 .comment       0x0000000000000050       0x51 ./Src/heap_4.o
 .comment       0x0000000000000050       0x51 ./Src/list.o
 .comment       0x0000000000000050       0x51 ./Src/main.o
 .comment       0x0000000000000050       0x51 ./Src/port.o
 .comment       0x0000000000000050       0x51 ./Src/queue.o
 .comment       0x0000000000000050       0x51 ./Src/tasks.o
 .comment       0x0000000000000050       0x51 ./Src/timers.o

.debug_frame    0x0000000000000000     0x1f10
 .debug_frame   0x0000000000000000       0x94 ./Src/DHT11_Program.o
 .debug_frame   0x0000000000000094      0x178 ./Src/GPIO_Program.o
 .debug_frame   0x000000000000020c      0x108 ./Src/Link_Porgram.o
 .debug_frame   0x0000000000000314       0x88 ./Src/RCC_Program.o
 .debug_frame   0x000000000000039c       0xd8 ./Src/SPI_Program.o
 .debug_frame   0x0000000000000474       0xa4 ./Src/TIM_HAL_Program.o
 .debug_frame   0x0000000000000518      0x2e0 ./Src/TIM_Program.o
 .debug_frame   0x00000000000007f8      0x12c ./Src/heap_4.o
 .debug_frame   0x0000000000000924       0xd8 ./Src/list.o
 .debug_frame   0x00000000000009fc      0x130 ./Src/main.o
 .debug_frame   0x0000000000000b2c      0x1a8 ./Src/port.o
 .debug_frame   0x0000000000000cd4      0x530 ./Src/queue.o
 .debug_frame   0x0000000000001204      0x8f4 ./Src/tasks.o
 .debug_frame   0x0000000000001af8      0x3a4 ./Src/timers.o
 .debug_frame   0x0000000000001e9c       0x2c c:/st/stm32cubeide_1.10.1/stm32cubeide/plugins/com.st.stm32cube.ide.mcu.externaltools.gnu-tools-for-stm32.10.3-2021.10.win32_1.0.0.202111181127/tools/bin/../lib/gcc/arm-none-eabi/10.3.1/../../../../arm-none-eabi/lib/thumb/v7e-m+fp/hard\libc_nano.a(lib_a-init.o)
 .debug_frame   0x0000000000001ec8       0x28 c:/st/stm32cubeide_1.10.1/stm32cubeide/plugins/com.st.stm32cube.ide.mcu.externaltools.gnu-tools-for-stm32.10.3-2021.10.win32_1.0.0.202111181127/tools/bin/../lib/gcc/arm-none-eabi/10.3.1/../../../../arm-none-eabi/lib/thumb/v7e-m+fp/hard\libc_nano.a(lib_a-memcpy-stub.o)
 .debug_frame   0x0000000000001ef0       0x20 c:/st/stm32cubeide_1.10.1/stm32cubeide/plugins/com.st.stm32cube.ide.mcu.externaltools.gnu-tools-for-stm32.10.3-2021.10.win32_1.0.0.202111181127/tools/bin/../lib/gcc/arm-none-eabi/10.3.1/../../../../arm-none-eabi/lib/thumb/v7e-m+fp/hard\libc_nano.a(lib_a-memset.o)
