Archive member included to satisfy reference by file (symbol)

c:/st/stm32cubeide_1.10.1/stm32cubeide/plugins/com.st.stm32cube.ide.mcu.externaltools.gnu-tools-for-stm32.10.3-2021.10.win32_1.0.0.202111181127/tools/bin/../lib/gcc/arm-none-eabi/10.3.1/../../../../arm-none-eabi/lib/thumb/v7e-m+fp/hard\libc_nano.a(lib_a-errno.o)
                              ./Src/syscalls.o (__errno)
c:/st/stm32cubeide_1.10.1/stm32cubeide/plugins/com.st.stm32cube.ide.mcu.externaltools.gnu-tools-for-stm32.10.3-2021.10.win32_1.0.0.202111181127/tools/bin/../lib/gcc/arm-none-eabi/10.3.1/../../../../arm-none-eabi/lib/thumb/v7e-m+fp/hard\libc_nano.a(lib_a-exit.o)
                              c:/st/stm32cubeide_1.10.1/stm32cubeide/plugins/com.st.stm32cube.ide.mcu.externaltools.gnu-tools-for-stm32.10.3-2021.10.win32_1.0.0.202111181127/tools/bin/../lib/gcc/arm-none-eabi/10.3.1/../../../../arm-none-eabi/lib/thumb/v7e-m+fp/hard/crt0.o (exit)
c:/st/stm32cubeide_1.10.1/stm32cubeide/plugins/com.st.stm32cube.ide.mcu.externaltools.gnu-tools-for-stm32.10.3-2021.10.win32_1.0.0.202111181127/tools/bin/../lib/gcc/arm-none-eabi/10.3.1/../../../../arm-none-eabi/lib/thumb/v7e-m+fp/hard\libc_nano.a(lib_a-impure.o)
                              c:/st/stm32cubeide_1.10.1/stm32cubeide/plugins/com.st.stm32cube.ide.mcu.externaltools.gnu-tools-for-stm32.10.3-2021.10.win32_1.0.0.202111181127/tools/bin/../lib/gcc/arm-none-eabi/10.3.1/../../../../arm-none-eabi/lib/thumb/v7e-m+fp/hard\libc_nano.a(lib_a-exit.o) (_global_impure_ptr)
c:/st/stm32cubeide_1.10.1/stm32cubeide/plugins/com.st.stm32cube.ide.mcu.externaltools.gnu-tools-for-stm32.10.3-2021.10.win32_1.0.0.202111181127/tools/bin/../lib/gcc/arm-none-eabi/10.3.1/../../../../arm-none-eabi/lib/thumb/v7e-m+fp/hard\libc_nano.a(lib_a-init.o)
                              c:/st/stm32cubeide_1.10.1/stm32cubeide/plugins/com.st.stm32cube.ide.mcu.externaltools.gnu-tools-for-stm32.10.3-2021.10.win32_1.0.0.202111181127/tools/bin/../lib/gcc/arm-none-eabi/10.3.1/../../../../arm-none-eabi/lib/thumb/v7e-m+fp/hard/crt0.o (__libc_init_array)
c:/st/stm32cubeide_1.10.1/stm32cubeide/plugins/com.st.stm32cube.ide.mcu.externaltools.gnu-tools-for-stm32.10.3-2021.10.win32_1.0.0.202111181127/tools/bin/../lib/gcc/arm-none-eabi/10.3.1/../../../../arm-none-eabi/lib/thumb/v7e-m+fp/hard\libc_nano.a(lib_a-memcpy-stub.o)
                              ./Src/queue.o (memcpy)
c:/st/stm32cubeide_1.10.1/stm32cubeide/plugins/com.st.stm32cube.ide.mcu.externaltools.gnu-tools-for-stm32.10.3-2021.10.win32_1.0.0.202111181127/tools/bin/../lib/gcc/arm-none-eabi/10.3.1/../../../../arm-none-eabi/lib/thumb/v7e-m+fp/hard\libc_nano.a(lib_a-memset.o)
                              c:/st/stm32cubeide_1.10.1/stm32cubeide/plugins/com.st.stm32cube.ide.mcu.externaltools.gnu-tools-for-stm32.10.3-2021.10.win32_1.0.0.202111181127/tools/bin/../lib/gcc/arm-none-eabi/10.3.1/../../../../arm-none-eabi/lib/thumb/v7e-m+fp/hard/crt0.o (memset)

Discarded input sections

 .text          0x0000000000000000        0x0 c:/st/stm32cubeide_1.10.1/stm32cubeide/plugins/com.st.stm32cube.ide.mcu.externaltools.gnu-tools-for-stm32.10.3-2021.10.win32_1.0.0.202111181127/tools/bin/../lib/gcc/arm-none-eabi/10.3.1/thumb/v7e-m+fp/hard/crti.o
 .data          0x0000000000000000        0x0 c:/st/stm32cubeide_1.10.1/stm32cubeide/plugins/com.st.stm32cube.ide.mcu.externaltools.gnu-tools-for-stm32.10.3-2021.10.win32_1.0.0.202111181127/tools/bin/../lib/gcc/arm-none-eabi/10.3.1/thumb/v7e-m+fp/hard/crti.o
 .bss           0x0000000000000000        0x0 c:/st/stm32cubeide_1.10.1/stm32cubeide/plugins/com.st.stm32cube.ide.mcu.externaltools.gnu-tools-for-stm32.10.3-2021.10.win32_1.0.0.202111181127/tools/bin/../lib/gcc/arm-none-eabi/10.3.1/thumb/v7e-m+fp/hard/crti.o
 .data          0x0000000000000000        0x4 c:/st/stm32cubeide_1.10.1/stm32cubeide/plugins/com.st.stm32cube.ide.mcu.externaltools.gnu-tools-for-stm32.10.3-2021.10.win32_1.0.0.202111181127/tools/bin/../lib/gcc/arm-none-eabi/10.3.1/thumb/v7e-m+fp/hard/crtbegin.o
 .rodata        0x0000000000000000       0x24 c:/st/stm32cubeide_1.10.1/stm32cubeide/plugins/com.st.stm32cube.ide.mcu.externaltools.gnu-tools-for-stm32.10.3-2021.10.win32_1.0.0.202111181127/tools/bin/../lib/gcc/arm-none-eabi/10.3.1/thumb/v7e-m+fp/hard/crtbegin.o
 .text          0x0000000000000000       0x7c c:/st/stm32cubeide_1.10.1/stm32cubeide/plugins/com.st.stm32cube.ide.mcu.externaltools.gnu-tools-for-stm32.10.3-2021.10.win32_1.0.0.202111181127/tools/bin/../lib/gcc/arm-none-eabi/10.3.1/../../../../arm-none-eabi/lib/thumb/v7e-m+fp/hard/crt0.o
 .data          0x0000000000000000        0x0 c:/st/stm32cubeide_1.10.1/stm32cubeide/plugins/com.st.stm32cube.ide.mcu.externaltools.gnu-tools-for-stm32.10.3-2021.10.win32_1.0.0.202111181127/tools/bin/../lib/gcc/arm-none-eabi/10.3.1/../../../../arm-none-eabi/lib/thumb/v7e-m+fp/hard/crt0.o
[...]
Memory Configuration

Name             Origin             Length             Attributes
RAM              0x0000000020000000 0x0000000000010000 xrw
FLASH            0x0000000008000000 0x0000000000040000 xr
*default*        0x0000000000000000 0xffffffffffffffff

Linker script and memory map

LOAD c:/st/stm32cubeide_1.10.1/stm32cubeide/plugins/com.st.stm32cube.ide.mcu.externaltools.gnu-tools-for-stm32.10.3-2021.10.win32_1.0.0.202111181127/tools/bin/../lib/gcc/arm-none-eabi/10.3.1/thumb/v7e-m+fp/hard/crti.o
LOAD c:/st/stm32cubeide_1.10.1/stm32cubeide/plugins/com.st.stm32cube.ide.mcu.externaltools.gnu-tools-for-stm32.10.3-2021.10.win32_1.0.0.202111181127/tools/bin/../lib/gcc/arm-none-eabi/10.3.1/thumb/v7e-m+fp/hard/crtbegin.o
LOAD c:/st/stm32cubeide_1.10.1/stm32cubeide/plugins/com.st.stm32cube.ide.mcu.externaltools.gnu-tools-for-stm32.10.3-2021.10.win32_1.0.0.202111181127/tools/bin/../lib/gcc/arm-none-eabi/10.3.1/../../../../arm-none-eabi/lib/thumb/v7e-m+fp/hard/crt0.o
LOAD ./Src/DHT11_Program.o
LOAD ./Src/GPIO_Program.o
LOAD ./Src/Link_Porgram.o
LOAD ./Src/NVIC_Program.o
LOAD ./Src/RCC_Program.o
LOAD ./Src/SPI_Program.o
LOAD ./Src/TIM_HAL_Program.o
LOAD ./Src/TIM_Program.o
LOAD ./Src/croutine.o
LOAD ./Src/event_groups.o
LOAD ./Src/heap_4.o
LOAD ./Src/list.o
LOAD ./Src/main.o
LOAD ./Src/port.o
LOAD ./Src/queue.o
LOAD ./Src/stream_buffer.o
LOAD ./Src/syscalls.o
LOAD ./Src/sysmem.o
LOAD ./Src/tasks.o
LOAD ./Src/timers.o
LOAD ./Startup/startup_stm32f401ccux.o
START GROUP
LOAD c:/st/stm32cubeide_1.10.1/stm32cubeide/plugins/com.st.stm32cube.ide.mcu.externaltools.gnu-tools-for-stm32.10.3-2021.10.win32_1.0.0.202111181127/tools/bin/../lib/gcc/arm-none-eabi/10.3.1/../../../../arm-none-eabi/lib/thumb/v7e-m+fp/hard\libc_nano.a
LOAD c:/st/stm32cubeide_1.10.1/stm32cubeide/plugins/com.st.stm32cube.ide.mcu.externaltools.gnu-tools-for-stm32.10.3-2021.10.win32_1.0.0.202111181127/tools/bin/../lib/gcc/arm-none-eabi/10.3.1/../../../../arm-none-eabi/lib/thumb/v7e-m+fp/hard\libm.a
END GROUP
START GROUP
LOAD c:/st/stm32cubeide_1.10.1/stm32cubeide/plugins/com.st.stm32cube.ide.mcu.externaltools.gnu-tools-for-stm32.10.3-2021.10.win32_1.0.0.202111181127/tools/bin/../lib/gcc/arm-none-eabi/10.3.1/thumb/v7e-m+fp/hard\libgcc.a
LOAD c:/st/stm32cubeide_1.10.1/stm32cubeide/plugins/com.st.stm32cube.ide.mcu.externaltools.gnu-tools-for-stm32.10.3-2021.10.win32_1.0.0.202111181127/tools/bin/../lib/gcc/arm-none-eabi/10.3.1/../../../../arm-none-eabi/lib/thumb/v7e-m+fp/hard\libc_nano.a
END GROUP
START GROUP
LOAD c:/st/stm32cubeide_1.10.1/stm32cubeide/plugins/com.st.stm32cube.ide.mcu.externaltools.gnu-tools-for-stm32.10.3-2021.10.win32_1.0.0.202111181127/tools/bin/../lib/gcc/arm-none-eabi/10.3.1/thumb/v7e-m+fp/hard\libgcc.a
LOAD c:/st/stm32cubeide_1.10.1/stm32cubeide/plugins/com.st.stm32cube.ide.mcu.externaltools.gnu-tools-for-stm32.10.3-2021.10.win32_1.0.0.202111181127/tools/bin/../lib/gcc/arm-none-eabi/10.3.1/../../../../arm-none-eabi/lib/thumb/v7e-m+fp/hard\libc_nano.a
LOAD c:/st/stm32cubeide_1.10.1/stm32cubeide/plugins/com.st.stm32cube.ide.mcu.externaltools.gnu-tools-for-stm32.10.3-2021.10.win32_1.0.0.202111181127/tools/bin/../lib/gcc/arm-none-eabi/10.3.1/../../../../arm-none-eabi/lib/thumb/v7e-m+fp/hard\libnosys.a
END GROUP
START GROUP
LOAD c:/st/stm32cubeide_1.10.1/stm32cubeide/plugins/com.st.stm32cube.ide.mcu.externaltools.gnu-tools-for-stm32.10.3-2021.10.win32_1.0.0.202111181127/tools/bin/../lib/gcc/arm-none-eabi/10.3.1/thumb/v7e-m+fp/hard\libgcc.a
LOAD c:/st/stm32cubeide_1.10.1/stm32cubeide/plugins/com.st.stm32cube.ide.mcu.externaltools.gnu-tools-for-stm32.10.3-2021.10.win32_1.0.0.202111181127/tools/bin/../lib/gcc/arm-none-eabi/10.3.1/../../../../arm-none-eabi/lib/thumb/v7e-m+fp/hard\libc_nano.a
LOAD c:/st/stm32cubeide_1.10.1/stm32cubeide/plugins/com.st.stm32cube.ide.mcu.externaltools.gnu-tools-for-stm32.10.3-2021.10.win32_1.0.0.202111181127/tools/bin/../lib/gcc/arm-none-eabi/10.3.1/../../../../arm-none-eabi/lib/thumb/v7e-m+fp/hard\libnosys.a
END GROUP
LOAD c:/st/stm32cubeide_1.10.1/stm32cubeide/plugins/com.st.stm32cube.ide.mcu.externaltools.gnu-tools-for-stm32.10.3-2021.10.win32_1.0.0.202111181127/tools/bin/../lib/gcc/arm-none-eabi/10.3.1/thumb/v7e-m+fp/hard/crtend.o
LOAD c:/st/stm32cubeide_1.10.1/stm32cubeide/plugins/com.st.stm32cube.ide.mcu.externaltools.gnu-tools-for-stm32.10.3-2021.10.win32_1.0.0.202111181127/tools/bin/../lib/gcc/arm-none-eabi/10.3.1/thumb/v7e-m+fp/hard/crtn.o
                0x0000000020010000                _estack = (ORIGIN (RAM) + LENGTH (RAM))
                0x0000000000000200                _Min_Heap_Size = 0x200
                0x0000000000000400                _Min_Stack_Size = 0x400

.isr_vector     0x0000000008000000      0x194
                0x0000000008000000                . = ALIGN (0x4)
 *(.isr_vector)
 .isr_vector    0x0000000008000000      0x194 ./Startup/startup_stm32f401ccux.o
                0x0000000008000000                g_pfnVectors
                0x0000000008000194                . = ALIGN (0x4)

.text           0x00000000080001a0     0x3bd8
                0x00000000080001a0                . = ALIGN (0x4)
 *(.text)
 .text          0x00000000080001a0       0x40 c:/st/stm32cubeide_1.10.1/stm32cubeide/plugins/com.st.stm32cube.ide.mcu.externaltools.gnu-tools-for-stm32.10.3-2021.10.win32_1.0.0.202111181127/tools/bin/../lib/gcc/arm-none-eabi/10.3.1/thumb/v7e-m+fp/hard/crtbegin.o
 *(.text*)
 .text.DHT11_voidInitialize
                0x00000000080001e0       0x64 ./Src/DHT11_Program.o
                0x00000000080001e0                DHT11_voidInitialize
 .text.DHT11_voidRawDataUpdate
                0x0000000008000244      0x1e0 ./Src/DHT11_Program.o
                0x0000000008000244                DHT11_voidRawDataUpdate
 .text.DHT11_u8GetReadings
                0x0000000008000424       0x54 ./Src/DHT11_Program.o
                0x0000000008000424                DHT11_u8GetReadings
 .text.DHT11_u8Decoder
                0x0000000008000478       0xa8 ./Src/DHT11_Program.o
                0x0000000008000478                DHT11_u8Decoder
 .text.GPIO_u8SetGPIOPinMode
                0x0000000008000520      0x104 ./Src/GPIO_Program.o
                0x0000000008000520                GPIO_u8SetGPIOPinMode
 .text.GPIO_u8SetOutputPinMode
                0x0000000008000624      0x130 ./Src/GPIO_Program.o
                0x0000000008000624                GPIO_u8SetOutputPinMode
 .text.GPIO_u8SetPinValue
                0x0000000008000754      0x130 ./Src/GPIO_Program.o
                0x0000000008000754                GPIO_u8SetPinValue
 .text.GPIO_u8FastControlPinValue
                0x0000000008000884       0xfc ./Src/GPIO_Program.o
                0x0000000008000884                GPIO_u8FastControlPinValue
 .text.GPIO_u8GetPinValue
                0x0000000008000980       0xc8 ./Src/GPIO_Program.o
                0x0000000008000980                GPIO_u8GetPinValue
 .text.GPIO_u8SetPullResMode
                0x0000000008000a48      0x104 ./Src/GPIO_Program.o
                0x0000000008000a48                GPIO_u8SetPullResMode
 .text.GPIO_voidSetAlternativeFunction
                0x0000000008000b4c      0x1d4 ./Src/GPIO_Program.o
                0x0000000008000b4c                GPIO_voidSetAlternativeFunction
 .text.HLink_voidEnqueueMessage
                0x0000000008000d20       0xdc ./Src/Link_Porgram.o
                0x0000000008000d20                HLink_voidEnqueueMessage
 .text.HLink_Private_u16Dequeue
                0x0000000008000dfc       0x68 ./Src/Link_Porgram.o
                0x0000000008000dfc                HLink_Private_u16Dequeue
 .text.HLink_u8SendMessagefromQueue
                0x0000000008000e64       0x68 ./Src/Link_Porgram.o
                0x0000000008000e64                HLink_u8SendMessagefromQueue
 .text.RCC_u8SystemClkInitialization
                0x0000000008000ecc      0x168 ./Src/RCC_Program.o
                0x0000000008000ecc                RCC_u8SystemClkInitialization
 .text.RCC_u8Enable
                0x0000000008001034       0xac ./Src/RCC_Program.o
                0x0000000008001034                RCC_u8Enable
 .text.SPI_u8Initialization
                0x00000000080010e0      0x12e ./Src/SPI_Program.o
                0x00000000080010e0                SPI_u8Initialization
 .text.SPI_u8MasterMode
                0x000000000800120e       0x38 ./Src/SPI_Program.o
                0x000000000800120e                SPI_u8MasterMode
 .text.HTIM_voidChangeAndUpdateTiming
                0x0000000008001246       0x6c ./Src/TIM_HAL_Program.o
                0x0000000008001246                HTIM_voidChangeAndUpdateTiming
 .text.HTIM_voidDelayMilliseconds
                0x00000000080012b2       0x44 ./Src/TIM_HAL_Program.o
                0x00000000080012b2                HTIM_voidDelayMilliseconds
 *fill*         0x00000000080012f6        0x2 
 .text.MTIM_u32ReadCounterValue
                0x00000000080012f8       0x24 ./Src/TIM_Program.o
                0x00000000080012f8                MTIM_u32ReadCounterValue
 .text.MTIM_voidSetPrescaler
                0x000000000800131c       0x2c ./Src/TIM_Program.o
                0x000000000800131c                MTIM_voidSetPrescaler
 .text.MTIM_voidSetAutoReloadValue
                0x0000000008001348       0x2c ./Src/TIM_Program.o
                0x0000000008001348                MTIM_voidSetAutoReloadValue
 .text.MTIM_voidEnableTimer
                0x0000000008001374       0x34 ./Src/TIM_Program.o
                0x0000000008001374                MTIM_voidEnableTimer
 .text.MTIM_voidDisableTimer
                0x00000000080013a8       0x34 ./Src/TIM_Program.o
                0x00000000080013a8                MTIM_voidDisableTimer
 .text.MTIM_voidEnableUpdateInterrupt
                0x00000000080013dc       0x34 ./Src/TIM_Program.o
                0x00000000080013dc                MTIM_voidEnableUpdateInterrupt
 .text.MTIM_voidDisableUpdateInterrupt
                0x0000000008001410       0x34 ./Src/TIM_Program.o
                0x0000000008001410                MTIM_voidDisableUpdateInterrupt
 .text.MTIM_voidUpdateGeneration
                0x0000000008001444       0x34 ./Src/TIM_Program.o
                0x0000000008001444                MTIM_voidUpdateGeneration
 .text.MTIM_voidclearUpdateInterrupt
                0x0000000008001478       0x34 ./Src/TIM_Program.o
                0x0000000008001478                MTIM_voidclearUpdateInterrupt
 .text.MTIM_u8ReadUpdateInterrupt
                0x00000000080014ac       0x2c ./Src/TIM_Program.o
                0x00000000080014ac                MTIM_u8ReadUpdateInterrupt
 .text.pvPortMalloc
                0x00000000080014d8      0x1c0 ./Src/heap_4.o
                0x00000000080014d8                pvPortMalloc
 .text.vPortFree
                0x0000000008001698       0xc4 ./Src/heap_4.o
                0x0000000008001698                vPortFree
 .text.prvHeapInit
                0x000000000800175c       0xc4 ./Src/heap_4.o
 .text.prvInsertBlockIntoFreeList
                0x0000000008001820       0xb4 ./Src/heap_4.o
 .text.vListInitialise
                0x00000000080018d4       0x40 ./Src/list.o
                0x00000000080018d4                vListInitialise
 .text.vListInitialiseItem
                0x0000000008001914       0x1a ./Src/list.o
                0x0000000008001914                vListInitialiseItem
 .text.vListInsert
                0x000000000800192e       0x72 ./Src/list.o
                0x000000000800192e                vListInsert
 .text.uxListRemove
                0x00000000080019a0       0x54 ./Src/list.o
                0x00000000080019a0                uxListRemove
 .text.FireSensing
                0x00000000080019f4       0x34 ./Src/main.o
                0x00000000080019f4                FireSensing
 .text.FireAction
                0x0000000008001a28       0x58 ./Src/main.o
                0x0000000008001a28                FireAction
 .text.PIRSensing
                0x0000000008001a80       0x34 ./Src/main.o
                0x0000000008001a80                PIRSensing
 .text.PIRAction
                0x0000000008001ab4       0x48 ./Src/main.o
                0x0000000008001ab4                PIRAction
 .text.DoorSystemSensing
                0x0000000008001afc       0x34 ./Src/main.o
                0x0000000008001afc                DoorSystemSensing
 .text.DoorSystemAction
                0x0000000008001b30       0x3c ./Src/main.o
                0x0000000008001b30                DoorSystemAction
 .text.TempSensing
                0x0000000008001b6c       0x40 ./Src/main.o
                0x0000000008001b6c                TempSensing
 .text.TempAction
                0x0000000008001bac       0xc4 ./Src/main.o
                0x0000000008001bac                TempAction
 .text.SendMessege
                0x0000000008001c70       0x22 ./Src/main.o
                0x0000000008001c70                SendMessege
 *fill*         0x0000000008001c92        0x2 
 .text.main     0x0000000008001c94      0x1e4 ./Src/main.o
                0x0000000008001c94                main
 .text.pxPortInitialiseStack
                0x0000000008001e78       0x68 ./Src/port.o
                0x0000000008001e78                pxPortInitialiseStack
 .text.prvTaskExitError
                0x0000000008001ee0       0x58 ./Src/port.o
 *fill*         0x0000000008001f38        0x8 
 .text.SVC_Handler
                0x0000000008001f40       0x28 ./Src/port.o
                0x0000000008001f40                SVC_Handler
 .text.prvPortStartFirstTask
                0x0000000008001f68       0x2c ./Src/port.o
 .text.xPortStartScheduler
                0x0000000008001f94      0x144 ./Src/port.o
                0x0000000008001f94                xPortStartScheduler
 .text.vPortEnterCritical
                0x00000000080020d8       0x60 ./Src/port.o
                0x00000000080020d8                vPortEnterCritical
 .text.vPortExitCritical
                0x0000000008002138       0x54 ./Src/port.o
                0x0000000008002138                vPortExitCritical
 *fill*         0x000000000800218c        0x4 
 .text.PendSV_Handler
                0x0000000008002190       0x68 ./Src/port.o
                0x0000000008002190                PendSV_Handler
 .text.SysTick_Handler
                0x00000000080021f8       0x44 ./Src/port.o
                0x00000000080021f8                SysTick_Handler
 .text.vPortSetupTimerInterrupt
                0x000000000800223c       0x34 ./Src/port.o
                0x000000000800223c                vPortSetupTimerInterrupt
 .text.vPortEnableVFP
                0x0000000008002270       0x18 ./Src/port.o
 .text.xQueueGenericReset
                0x0000000008002288      0x104 ./Src/queue.o
                0x0000000008002288                xQueueGenericReset
 .text.xQueueGenericCreate
                0x000000000800238c       0x9c ./Src/queue.o
                0x000000000800238c                xQueueGenericCreate
 .text.prvInitialiseNewQueue
                0x0000000008002428       0x46 ./Src/queue.o
 *fill*         0x000000000800246e        0x2 
 .text.xQueueReceive
                0x0000000008002470      0x1a8 ./Src/queue.o
                0x0000000008002470                xQueueReceive
 .text.prvCopyDataFromQueue
                0x0000000008002618       0x4c ./Src/queue.o
 .text.prvUnlockQueue
                0x0000000008002664       0xa4 ./Src/queue.o
 .text.prvIsQueueEmpty
                0x0000000008002708       0x2c ./Src/queue.o
 .text.vQueueAddToRegistry
                0x0000000008002734       0x9c ./Src/queue.o
                0x0000000008002734                vQueueAddToRegistry
 .text.vQueueWaitForMessageRestricted
                0x00000000080027d0       0x68 ./Src/queue.o
                0x00000000080027d0                vQueueWaitForMessageRestricted
 .text.xTaskCreate
                0x0000000008002838       0x82 ./Src/tasks.o
                0x0000000008002838                xTaskCreate
 .text.prvInitialiseNewTask
                0x00000000080028ba      0x148 ./Src/tasks.o
 *fill*         0x0000000008002a02        0x2 
 .text.prvAddNewTaskToReadyList
                0x0000000008002a04      0x110 ./Src/tasks.o
 .text.xTaskDelayUntil
                0x0000000008002b14       0xfc ./Src/tasks.o
                0x0000000008002b14                xTaskDelayUntil
 .text.vTaskStartScheduler
                0x0000000008002c10       0xa4 ./Src/tasks.o
                0x0000000008002c10                vTaskStartScheduler
 .text.vTaskSuspendAll
                0x0000000008002cb4       0x1c ./Src/tasks.o
                0x0000000008002cb4                vTaskSuspendAll
 .text.xTaskResumeAll
                0x0000000008002cd0      0x1dc ./Src/tasks.o
                0x0000000008002cd0                xTaskResumeAll
 .text.xTaskGetTickCount
                0x0000000008002eac       0x20 ./Src/tasks.o
                0x0000000008002eac                xTaskGetTickCount
 .text.xTaskIncrementTick
                0x0000000008002ecc      0x1e8 ./Src/tasks.o
                0x0000000008002ecc                xTaskIncrementTick
 .text.vTaskSwitchContext
                0x00000000080030b4       0xb8 ./Src/tasks.o
                0x00000000080030b4                vTaskSwitchContext
 .text.vTaskPlaceOnEventList
                0x000000000800316c       0x48 ./Src/tasks.o
                0x000000000800316c                vTaskPlaceOnEventList
 .text.vTaskPlaceOnEventListRestricted
                0x00000000080031b4       0x8c ./Src/tasks.o
                0x00000000080031b4                vTaskPlaceOnEventListRestricted
 .text.xTaskRemoveFromEventList
                0x0000000008003240      0x1ac ./Src/tasks.o
                0x0000000008003240                xTaskRemoveFromEventList
 .text.vTaskInternalSetTimeOutState
                0x00000000080033ec       0x2c ./Src/tasks.o
                0x00000000080033ec                vTaskInternalSetTimeOutState
 .text.xTaskCheckForTimeOut
                0x0000000008003418       0xcc ./Src/tasks.o
                0x0000000008003418                xTaskCheckForTimeOut
 .text.vTaskMissedYield
                0x00000000080034e4       0x18 ./Src/tasks.o
                0x00000000080034e4                vTaskMissedYield
 .text.prvIdleTask
                0x00000000080034fc       0x24 ./Src/tasks.o
 .text.prvInitialiseTaskLists
                0x0000000008003520       0x80 ./Src/tasks.o
 .text.prvCheckTasksWaitingTermination
                0x00000000080035a0       0x5c ./Src/tasks.o
 .text.prvDeleteTCB
                0x00000000080035fc       0x20 ./Src/tasks.o
 .text.prvResetNextTaskUnblockTime
                0x000000000800361c       0x38 ./Src/tasks.o
 .text.xTaskGetSchedulerState
                0x0000000008003654       0x3c ./Src/tasks.o
                0x0000000008003654                xTaskGetSchedulerState
 .text.prvAddCurrentTaskToDelayedList
                0x0000000008003690      0x100 ./Src/tasks.o
 .text.xTimerCreateTimerTask
                0x0000000008003790       0x64 ./Src/timers.o
                0x0000000008003790                xTimerCreateTimerTask
 .text.prvReloadTimer
                0x00000000080037f4       0x42 ./Src/timers.o
 *fill*         0x0000000008003836        0x2 
 .text.prvProcessExpiredTimer
                0x0000000008003838       0x60 ./Src/timers.o
 .text.prvTimerTask
                0x0000000008003898       0x24 ./Src/timers.o
 .text.prvProcessTimerOrBlockTask
                0x00000000080038bc       0x9c ./Src/timers.o
 .text.prvGetNextExpireTime
                0x0000000008003958       0x48 ./Src/timers.o
 .text.prvSampleTimeNow
                0x00000000080039a0       0x40 ./Src/timers.o
 .text.prvInsertTimerInActiveList
                0x00000000080039e0       0x84 ./Src/timers.o
 .text.prvProcessReceivedCommands
                0x0000000008003a64      0x17c ./Src/timers.o
 .text.prvSwitchTimerLists
                0x0000000008003be0       0x4c ./Src/timers.o
 .text.prvCheckForValidListAndQueue
                0x0000000008003c2c       0x6c ./Src/timers.o
 .text.Reset_Handler
                0x0000000008003c98       0x50 ./Startup/startup_stm32f401ccux.o
                0x0000000008003c98                Reset_Handler
 .text.Default_Handler
                0x0000000008003ce8        0x2 ./Startup/startup_stm32f401ccux.o
                0x0000000008003ce8                EXTI2_IRQHandler
                0x0000000008003ce8                DebugMon_Handler
                0x0000000008003ce8                SPI4_IRQHandler
                0x0000000008003ce8                TIM1_CC_IRQHandler
                0x0000000008003ce8                HardFault_Handler
                0x0000000008003ce8                SDIO_IRQHandler
                0x0000000008003ce8                TAMP_STAMP_IRQHandler
                0x0000000008003ce8                NMI_Handler
                0x0000000008003ce8                EXTI3_IRQHandler
                0x0000000008003ce8                TIM1_UP_TIM10_IRQHandler
                0x0000000008003ce8                I2C3_ER_IRQHandler
                0x0000000008003ce8                EXTI18_OTG_FS_WKUP_IRQHandler
                0x0000000008003ce8                EXTI0_IRQHandler
                0x0000000008003ce8                I2C2_EV_IRQHandler
                0x0000000008003ce8                FPU_IRQHandler
                0x0000000008003ce8                UsageFault_Handler
                0x0000000008003ce8                SPI1_IRQHandler
                0x0000000008003ce8                TIM1_BRK_TIM9_IRQHandler
                0x0000000008003ce8                USART6_IRQHandler
                0x0000000008003ce8                TIM4_IRQHandler
                0x0000000008003ce8                I2C1_EV_IRQHandler
                0x0000000008003ce8                TIM3_IRQHandler
                0x0000000008003ce8                RCC_IRQHandler
                0x0000000008003ce8                Default_Handler
                0x0000000008003ce8                EXTI15_10_IRQHandler
                0x0000000008003ce8                ADC_IRQHandler
                0x0000000008003ce8                TIM5_IRQHandler
                0x0000000008003ce8                I2C3_EV_IRQHandler
                0x0000000008003ce8                EXTI9_5_IRQHandler
                0x0000000008003ce8                SPI2_IRQHandler
                0x0000000008003ce8                MemManage_Handler
                0x0000000008003ce8                EXTI4_IRQHandler
                0x0000000008003ce8                EXTI22_RTC_WKUP_IRQHandler
                0x0000000008003ce8                TIM2_IRQHandler
                0x0000000008003ce8                EXTI16_PVD_IRQHandler
                0x0000000008003ce8                TIM1_TRG_COM_TIM11_IRQHandler
                0x0000000008003ce8                EXTI1_IRQHandler
                0x0000000008003ce8                EXTI17_RTC_Alarm_IRQHandler
                0x0000000008003ce8                USART2_IRQHandler
                0x0000000008003ce8                I2C2_ER_IRQHandler
                0x0000000008003ce8                FLASH_IRQHandler
                0x0000000008003ce8                BusFault_Handler
                0x0000000008003ce8                USART1_IRQHandler
                0x0000000008003ce8                OTG_FS_IRQHandler
                0x0000000008003ce8                SPI3_IRQHandler
                0x0000000008003ce8                I2C1_ER_IRQHandler
 *fill*         0x0000000008003cea        0x2 
 .text.__libc_init_array
                0x0000000008003cec       0x48 c:/st/stm32cubeide_1.10.1/stm32cubeide/plugins/com.st.stm32cube.ide.mcu.externaltools.gnu-tools-for-stm32.10.3-2021.10.win32_1.0.0.202111181127/tools/bin/../lib/gcc/arm-none-eabi/10.3.1/../../../../arm-none-eabi/lib/thumb/v7e-m+fp/hard\libc_nano.a(lib_a-init.o)
                0x0000000008003cec                __libc_init_array
 .text.memcpy   0x0000000008003d34       0x1c c:/st/stm32cubeide_1.10.1/stm32cubeide/plugins/com.st.stm32cube.ide.mcu.externaltools.gnu-tools-for-stm32.10.3-2021.10.win32_1.0.0.202111181127/tools/bin/../lib/gcc/arm-none-eabi/10.3.1/../../../../arm-none-eabi/lib/thumb/v7e-m+fp/hard\libc_nano.a(lib_a-memcpy-stub.o)
                0x0000000008003d34                memcpy
 .text.memset   0x0000000008003d50       0x10 c:/st/stm32cubeide_1.10.1/stm32cubeide/plugins/com.st.stm32cube.ide.mcu.externaltools.gnu-tools-for-stm32.10.3-2021.10.win32_1.0.0.202111181127/tools/bin/../lib/gcc/arm-none-eabi/10.3.1/../../../../arm-none-eabi/lib/thumb/v7e-m+fp/hard\libc_nano.a(lib_a-memset.o)
                0x0000000008003d50                memset
 *(.glue_7)
 .glue_7        0x0000000008003d60        0x0 linker stubs
 *(.glue_7t)
 .glue_7t       0x0000000008003d60        0x0 linker stubs
 *(.eh_frame)
 .eh_frame      0x0000000008003d60        0x0 c:/st/stm32cubeide_1.10.1/stm32cubeide/plugins/com.st.stm32cube.ide.mcu.externaltools.gnu-tools-for-stm32.10.3-2021.10.win32_1.0.0.202111181127/tools/bin/../lib/gcc/arm-none-eabi/10.3.1/thumb/v7e-m+fp/hard/crtbegin.o
 *(.init)
 .init          0x0000000008003d60        0x4 c:/st/stm32cubeide_1.10.1/stm32cubeide/plugins/com.st.stm32cube.ide.mcu.externaltools.gnu-tools-for-stm32.10.3-2021.10.win32_1.0.0.202111181127/tools/bin/../lib/gcc/arm-none-eabi/10.3.1/thumb/v7e-m+fp/hard/crti.o
                0x0000000008003d60                _init
 .init          0x0000000008003d64        0x8 c:/st/stm32cubeide_1.10.1/stm32cubeide/plugins/com.st.stm32cube.ide.mcu.externaltools.gnu-tools-for-stm32.10.3-2021.10.win32_1.0.0.202111181127/tools/bin/../lib/gcc/arm-none-eabi/10.3.1/thumb/v7e-m+fp/hard/crtn.o
 *(.fini)
 .fini          0x0000000008003d6c        0x4 c:/st/stm32cubeide_1.10.1/stm32cubeide/plugins/com.st.stm32cube.ide.mcu.externaltools.gnu-tools-for-stm32.10.3-2021.10.win32_1.0.0.202111181127/tools/bin/../lib/gcc/arm-none-eabi/10.3.1/thumb/v7e-m+fp/hard/crti.o
                0x0000000008003d6c                _fini
 .fini          0x0000000008003d70        0x8 c:/st/stm32cubeide_1.10.1/stm32cubeide/plugins/com.st.stm32cube.ide.mcu.externaltools.gnu-tools-for-stm32.10.3-2021.10.win32_1.0.0.202111181127/tools/bin/../lib/gcc/arm-none-eabi/10.3.1/thumb/v7e-m+fp/hard/crtn.o
                0x0000000008003d78                . = ALIGN (0x4)
                0x0000000008003d78                _etext = .

.vfp11_veneer   0x0000000008003d78        0x0
 .vfp11_veneer  0x0000000008003d78        0x0 linker stubs

.v4_bx          0x0000000008003d78        0x0
 .v4_bx         0x0000000008003d78        0x0 linker stubs

.iplt           0x0000000008003d78        0x0
 .iplt          0x0000000008003d78        0x0 c:/st/stm32cubeide_1.10.1/stm32cubeide/plugins/com.st.stm32cube.ide.mcu.externaltools.gnu-tools-for-stm32.10.3-2021.10.win32_1.0.0.202111181127/tools/bin/../lib/gcc/arm-none-eabi/10.3.1/thumb/v7e-m+fp/hard/crtbegin.o

.rodata         0x0000000008003d78       0x48
                0x0000000008003d78                . = ALIGN (0x4)
 *(.rodata)
 .rodata        0x0000000008003d78        0x5 ./Src/tasks.o
 *fill*         0x0000000008003d7d        0x3 
 .rodata        0x0000000008003d80        0xd ./Src/timers.o
 *(.rodata*)
 *fill*         0x0000000008003d8d        0x3 
 .rodata._TIM_ARR
                0x0000000008003d90       0x30 ./Src/TIM_Program.o
                0x0000000008003d90                _TIM_ARR
                0x0000000008003dc0                . = ALIGN (0x4)

.rel.dyn        0x0000000008003dc0        0x0
 .rel.iplt      0x0000000008003dc0        0x0 c:/st/stm32cubeide_1.10.1/stm32cubeide/plugins/com.st.stm32cube.ide.mcu.externaltools.gnu-tools-for-stm32.10.3-2021.10.win32_1.0.0.202111181127/tools/bin/../lib/gcc/arm-none-eabi/10.3.1/thumb/v7e-m+fp/hard/crtbegin.o

.ARM.extab      0x0000000008003dc0        0x0
                0x0000000008003dc0                . = ALIGN (0x4)
 *(.ARM.extab* .gnu.linkonce.armextab.*)
                0x0000000008003dc0                . = ALIGN (0x4)

.ARM            0x0000000008003dc0        0x0
                0x0000000008003dc0                . = ALIGN (0x4)
                0x0000000008003dc0                __exidx_start = .
 *(.ARM.exidx*)
                0x0000000008003dc0                __exidx_end = .
                0x0000000008003dc0                . = ALIGN (0x4)

.preinit_array  0x0000000008003dc0        0x0
                0x0000000008003dc0                . = ALIGN (0x4)
                0x0000000008003dc0                PROVIDE (__preinit_array_start = .)
 *(.preinit_array*)
                0x0000000008003dc0                PROVIDE (__preinit_array_end = .)
                0x0000000008003dc0                . = ALIGN (0x4)

.init_array     0x0000000008003dc0        0x4
                0x0000000008003dc0                . = ALIGN (0x4)
                0x0000000008003dc0                PROVIDE (__init_array_start = .)
 *(SORT_BY_NAME(.init_array.*))
 *(.init_array*)
 .init_array    0x0000000008003dc0        0x4 c:/st/stm32cubeide_1.10.1/stm32cubeide/plugins/com.st.stm32cube.ide.mcu.externaltools.gnu-tools-for-stm32.10.3-2021.10.win32_1.0.0.202111181127/tools/bin/../lib/gcc/arm-none-eabi/10.3.1/thumb/v7e-m+fp/hard/crtbegin.o
                0x0000000008003dc4                PROVIDE (__init_array_end = .)
                0x0000000008003dc4                . = ALIGN (0x4)

.fini_array     0x0000000008003dc4        0x4
                0x0000000008003dc4                . = ALIGN (0x4)
                [!provide]                        PROVIDE (__fini_array_start = .)
 *(SORT_BY_NAME(.fini_array.*))
 *(.fini_array*)
 .fini_array    0x0000000008003dc4        0x4 c:/st/stm32cubeide_1.10.1/stm32cubeide/plugins/com.st.stm32cube.ide.mcu.externaltools.gnu-tools-for-stm32.10.3-2021.10.win32_1.0.0.202111181127/tools/bin/../lib/gcc/arm-none-eabi/10.3.1/thumb/v7e-m+fp/hard/crtbegin.o
                [!provide]                        PROVIDE (__fini_array_end = .)
                0x0000000008003dc8                . = ALIGN (0x4)
                0x0000000008003dc8                _sidata = LOADADDR (.data)

.data           0x0000000020000000        0x8 load address 0x0000000008003dc8
                0x0000000020000000                . = ALIGN (0x4)
                0x0000000020000000                _sdata = .
 *(.data)
 *(.data*)
 .data.uxCriticalNesting
                0x0000000020000000        0x4 ./Src/port.o
 .data.uxTopUsedPriority
                0x0000000020000004        0x4 ./Src/tasks.o
                0x0000000020000004                uxTopUsedPriority
 *(.RamFunc)
 *(.RamFunc*)
                0x0000000020000008                . = ALIGN (0x4)
                0x0000000020000008                _edata = .

.igot.plt       0x0000000020000008        0x0 load address 0x0000000008003dd0
 .igot.plt      0x0000000020000008        0x0 c:/st/stm32cubeide_1.10.1/stm32cubeide/plugins/com.st.stm32cube.ide.mcu.externaltools.gnu-tools-for-stm32.10.3-2021.10.win32_1.0.0.202111181127/tools/bin/../lib/gcc/arm-none-eabi/10.3.1/thumb/v7e-m+fp/hard/crtbegin.o
                0x0000000020000008                . = ALIGN (0x4)

.bss            0x0000000020000008     0xca70 load address 0x0000000008003dd0
                0x0000000020000008                _sbss = .
                0x0000000020000008                __bss_start__ = _sbss
 *(.bss)
 .bss           0x0000000020000008       0x1c c:/st/stm32cubeide_1.10.1/stm32cubeide/plugins/com.st.stm32cube.ide.mcu.externaltools.gnu-tools-for-stm32.10.3-2021.10.win32_1.0.0.202111181127/tools/bin/../lib/gcc/arm-none-eabi/10.3.1/thumb/v7e-m+fp/hard/crtbegin.o
 *(.bss*)
 .bss.DHT11_DATA
                0x0000000020000024        0x5 ./Src/DHT11_Program.o
                0x0000000020000024                DHT11_DATA
 .bss.u8TempReading
                0x0000000020000029        0x1 ./Src/DHT11_Program.o
 *fill*         0x000000002000002a        0x2 
 .bss.u8TimeInstance1
                0x000000002000002c        0x4 ./Src/DHT11_Program.o
 .bss.u8TimeInstance2
                0x0000000020000030        0x4 ./Src/DHT11_Program.o
 .bss.u8PulseDuration
                0x0000000020000034        0x4 ./Src/DHT11_Program.o
 .bss.Private_Queue
                0x0000000020000038       0x44 ./Src/Link_Porgram.o
                0x0000000020000038                Private_Queue
 .bss.ucHeap    0x000000002000007c     0xc800 ./Src/heap_4.o
 .bss.xStart    0x000000002000c87c        0x8 ./Src/heap_4.o
 .bss.pxEnd     0x000000002000c884        0x4 ./Src/heap_4.o
 .bss.xFreeBytesRemaining
                0x000000002000c888        0x4 ./Src/heap_4.o
 .bss.xMinimumEverFreeBytesRemaining
                0x000000002000c88c        0x4 ./Src/heap_4.o
 .bss.xNumberOfSuccessfulAllocations
                0x000000002000c890        0x4 ./Src/heap_4.o
 .bss.xNumberOfSuccessfulFrees
                0x000000002000c894        0x4 ./Src/heap_4.o
 .bss.xBlockAllocatedBit
                0x000000002000c898        0x4 ./Src/heap_4.o
 .bss.PIR_ReadingValue
                0x000000002000c89c        0x1 ./Src/main.o
                0x000000002000c89c                PIR_ReadingValue
 .bss.FireSensor_ReadingValue
                0x000000002000c89d        0x1 ./Src/main.o
                0x000000002000c89d                FireSensor_ReadingValue
 .bss.SwitchReading
                0x000000002000c89e        0x1 ./Src/main.o
                0x000000002000c89e                SwitchReading
 .bss.Humidity  0x000000002000c89f        0x1 ./Src/main.o
                0x000000002000c89f                Humidity
 .bss.Temperature
                0x000000002000c8a0        0x1 ./Src/main.o
                0x000000002000c8a0                Temperature
 .bss.DHT11_errorCode
                0x000000002000c8a1        0x1 ./Src/main.o
                0x000000002000c8a1                DHT11_errorCode
 .bss.ucMaxSysCallPriority
                0x000000002000c8a2        0x1 ./Src/port.o
 *fill*         0x000000002000c8a3        0x1 
 .bss.ulMaxPRIGROUPValue
                0x000000002000c8a4        0x4 ./Src/port.o
 .bss.xQueueRegistry
                0x000000002000c8a8       0x40 ./Src/queue.o
                0x000000002000c8a8                xQueueRegistry
 .bss.pxCurrentTCB
                0x000000002000c8e8        0x4 ./Src/tasks.o
                0x000000002000c8e8                pxCurrentTCB
 .bss.pxReadyTasksLists
                0x000000002000c8ec       0xb4 ./Src/tasks.o
 .bss.xDelayedTaskList1
                0x000000002000c9a0       0x14 ./Src/tasks.o
 .bss.xDelayedTaskList2
                0x000000002000c9b4       0x14 ./Src/tasks.o
 .bss.pxDelayedTaskList
                0x000000002000c9c8        0x4 ./Src/tasks.o
 .bss.pxOverflowDelayedTaskList
                0x000000002000c9cc        0x4 ./Src/tasks.o
 .bss.xPendingReadyList
                0x000000002000c9d0       0x14 ./Src/tasks.o
 .bss.xTasksWaitingTermination
                0x000000002000c9e4       0x14 ./Src/tasks.o
 .bss.uxDeletedTasksWaitingCleanUp
                0x000000002000c9f8        0x4 ./Src/tasks.o
 .bss.xSuspendedTaskList
                0x000000002000c9fc       0x14 ./Src/tasks.o
 .bss.uxCurrentNumberOfTasks
                0x000000002000ca10        0x4 ./Src/tasks.o
 .bss.xTickCount
                0x000000002000ca14        0x4 ./Src/tasks.o
 .bss.uxTopReadyPriority
                0x000000002000ca18        0x4 ./Src/tasks.o
 .bss.xSchedulerRunning
                0x000000002000ca1c        0x4 ./Src/tasks.o
 .bss.xPendedTicks
                0x000000002000ca20        0x4 ./Src/tasks.o
 .bss.xYieldPending
                0x000000002000ca24        0x4 ./Src/tasks.o
 .bss.xNumOfOverflows
                0x000000002000ca28        0x4 ./Src/tasks.o
 .bss.uxTaskNumber
                0x000000002000ca2c        0x4 ./Src/tasks.o
 .bss.xNextTaskUnblockTime
                0x000000002000ca30        0x4 ./Src/tasks.o
 .bss.xIdleTaskHandle
                0x000000002000ca34        0x4 ./Src/tasks.o
 .bss.uxSchedulerSuspended
                0x000000002000ca38        0x4 ./Src/tasks.o
 .bss.xActiveTimerList1
                0x000000002000ca3c       0x14 ./Src/timers.o
 .bss.xActiveTimerList2
                0x000000002000ca50       0x14 ./Src/timers.o
 .bss.pxCurrentTimerList
                0x000000002000ca64        0x4 ./Src/timers.o
 .bss.pxOverflowTimerList
                0x000000002000ca68        0x4 ./Src/timers.o
 .bss.xTimerQueue
                0x000000002000ca6c        0x4 ./Src/timers.o
 .bss.xTimerTaskHandle
                0x000000002000ca70        0x4 ./Src/timers.o
 .bss.xLastTime.0
                0x000000002000ca74        0x4 ./Src/timers.o
 *(COMMON)
                0x000000002000ca78                . = ALIGN (0x4)
                0x000000002000ca78                _ebss = .
                0x000000002000ca78                __bss_end__ = _ebss

._user_heap_stack
                0x000000002000ca78      0x600 load address 0x0000000008003dd0
                0x000000002000ca78                . = ALIGN (0x8)
                [!provide]                        PROVIDE (end = .)
                0x000000002000ca78                PROVIDE (_end = .)
                0x000000002000cc78                . = (. + _Min_Heap_Size)
 *fill*         0x000000002000ca78      0x200 
                0x000000002000d078                . = (. + _Min_Stack_Size)
 *fill*         0x000000002000cc78      0x400 
                0x000000002000d078                . = ALIGN (0x8)

/DISCARD/
 libc.a(*)
 libm.a(*)
 libgcc.a(*)

.ARM.attributes
                0x0000000000000000       0x30
 *(.ARM.attributes)
 .ARM.attributes
                0x0000000000000000       0x1e c:/st/stm32cubeide_1.10.1/stm32cubeide/plugins/com.st.stm32cube.ide.mcu.externaltools.gnu-tools-for-stm32.10.3-2021.10.win32_1.0.0.202111181127/tools/bin/../lib/gcc/arm-none-eabi/10.3.1/thumb/v7e-m+fp/hard/crti.o
 .ARM.attributes
                0x000000000000001e       0x34 c:/st/stm32cubeide_1.10.1/stm32cubeide/plugins/com.st.stm32cube.ide.mcu.externaltools.gnu-tools-for-stm32.10.3-2021.10.win32_1.0.0.202111181127/tools/bin/../lib/gcc/arm-none-eabi/10.3.1/thumb/v7e-m+fp/hard/crtbegin.o
 .ARM.attributes
                0x0000000000000052       0x34 ./Src/DHT11_Program.o
 .ARM.attributes
                0x0000000000000086       0x34 ./Src/GPIO_Program.o
 .ARM.attributes
                0x00000000000000ba       0x34 ./Src/Link_Porgram.o
 .ARM.attributes
                0x00000000000000ee       0x34 ./Src/RCC_Program.o
 .ARM.attributes
                0x0000000000000122       0x34 ./Src/SPI_Program.o
 .ARM.attributes
                0x0000000000000156       0x34 ./Src/TIM_HAL_Program.o
 .ARM.attributes
                0x000000000000018a       0x34 ./Src/TIM_Program.o
 .ARM.attributes
                0x00000000000001be       0x34 ./Src/heap_4.o
 .ARM.attributes
                0x00000000000001f2       0x34 ./Src/list.o
 .ARM.attributes
                0x0000000000000226       0x34 ./Src/main.o
 .ARM.attributes
                0x000000000000025a       0x34 ./Src/port.o
 .ARM.attributes
                0x000000000000028e       0x34 ./Src/queue.o
 .ARM.attributes
                0x00000000000002c2       0x34 ./Src/tasks.o
 .ARM.attributes
                0x00000000000002f6       0x34 ./Src/timers.o
 .ARM.attributes
                0x000000000000032a       0x21 ./Startup/startup_stm32f401ccux.o
 .ARM.attributes
                0x000000000000034b       0x34 c:/st/stm32cubeide_1.10.1/stm32cubeide/plugins/com.st.stm32cube.ide.mcu.externaltools.gnu-tools-for-stm32.10.3-2021.10.win32_1.0.0.202111181127/tools/bin/../lib/gcc/arm-none-eabi/10.3.1/../../../../arm-none-eabi/lib/thumb/v7e-m+fp/hard\libc_nano.a(lib_a-init.o)
 .ARM.attributes
                0x000000000000037f       0x34 c:/st/stm32cubeide_1.10.1/stm32cubeide/plugins/com.st.stm32cube.ide.mcu.externaltools.gnu-tools-for-stm32.10.3-2021.10.win32_1.0.0.202111181127/tools/bin/../lib/gcc/arm-none-eabi/10.3.1/../../../../arm-none-eabi/lib/thumb/v7e-m+fp/hard\libc_nano.a(lib_a-memcpy-stub.o)
 .ARM.attributes
                0x00000000000003b3       0x34 c:/st/stm32cubeide_1.10.1/stm32cubeide/plugins/com.st.stm32cube.ide.mcu.externaltools.gnu-tools-for-stm32.10.3-2021.10.win32_1.0.0.202111181127/tools/bin/../lib/gcc/arm-none-eabi/10.3.1/../../../../arm-none-eabi/lib/thumb/v7e-m+fp/hard\libc_nano.a(lib_a-memset.o)
 .ARM.attributes
                0x00000000000003e7       0x1e c:/st/stm32cubeide_1.10.1/stm32cubeide/plugins/com.st.stm32cube.ide.mcu.externaltools.gnu-tools-for-stm32.10.3-2021.10.win32_1.0.0.202111181127/tools/bin/../lib/gcc/arm-none-eabi/10.3.1/thumb/v7e-m+fp/hard/crtn.o
OUTPUT(Graduation_Project.elf elf32-littlearm)
LOAD linker stubs
LOAD c:/st/stm32cubeide_1.10.1/stm32cubeide/plugins/com.st.stm32cube.ide.mcu.externaltools.gnu-tools-for-stm32.10.3-2021.10.win32_1.0.0.202111181127/tools/bin/../lib/gcc/arm-none-eabi/10.3.1/../../../../arm-none-eabi/lib/thumb/v7e-m+fp/hard\libc.a
LOAD c:/st/stm32cubeide_1.10.1/stm32cubeide/plugins/com.st.stm32cube.ide.mcu.externaltools.gnu-tools-for-stm32.10.3-2021.10.win32_1.0.0.202111181127/tools/bin/../lib/gcc/arm-none-eabi/10.3.1/../../../../arm-none-eabi/lib/thumb/v7e-m+fp/hard\libm.a
LOAD c:/st/stm32cubeide_1.10.1/stm32cubeide/plugins/com.st.stm32cube.ide.mcu.externaltools.gnu-tools-for-stm32.10.3-2021.10.win32_1.0.0.202111181127/tools/bin/../lib/gcc/arm-none-eabi/10.3.1/thumb/v7e-m+fp/hard\libgcc.a

.debug_info     0x0000000000000000     0x7a9e
 .debug_info    0x0000000000000000      0x3a6 ./Src/DHT11_Program.o
 .debug_info    0x00000000000003a6      0x424 ./Src/GPIO_Program.o
 .debug_info    0x00000000000007ca      0x2c6 ./Src/Link_Porgram.o
 .debug_info    0x0000000000000a90      0x33a ./Src/RCC_Program.o
 .debug_info    0x0000000000000dca      0x28b ./Src/SPI_Program.o
 .debug_info    0x0000000000001055      0x401 ./Src/TIM_HAL_Program.o
 .debug_info    0x0000000000001456      0x4bc ./Src/TIM_Program.o
 .debug_info    0x0000000000001912      0x50b ./Src/heap_4.o
 .debug_info    0x0000000000001e1d      0x2d1 ./Src/list.o
 .debug_info    0x00000000000020ee      0x6ba ./Src/main.o
 .debug_info    0x00000000000027a8      0x4fb ./Src/port.o
 .debug_info    0x0000000000002ca3     0x1926 ./Src/queue.o
 .debug_info    0x00000000000045c9     0x2630 ./Src/tasks.o
 .debug_info    0x0000000000006bf9      0xe83 ./Src/timers.o
 .debug_info    0x0000000000007a7c       0x22 ./Startup/startup_stm32f401ccux.o

.debug_abbrev   0x0000000000000000     0x183c
 .debug_abbrev  0x0000000000000000      0x17e ./Src/DHT11_Program.o
 .debug_abbrev  0x000000000000017e       0xd6 ./Src/GPIO_Program.o
 .debug_abbrev  0x0000000000000254      0x18f ./Src/Link_Porgram.o
 .debug_abbrev  0x00000000000003e3       0xde ./Src/RCC_Program.o
 .debug_abbrev  0x00000000000004c1       0xf9 ./Src/SPI_Program.o
 .debug_abbrev  0x00000000000005ba       0xeb ./Src/TIM_HAL_Program.o
 .debug_abbrev  0x00000000000006a5      0x104 ./Src/TIM_Program.o
 .debug_abbrev  0x00000000000007a9      0x212 ./Src/heap_4.o
 .debug_abbrev  0x00000000000009bb       0xf2 ./Src/list.o
 .debug_abbrev  0x0000000000000aad      0x1e5 ./Src/main.o
 .debug_abbrev  0x0000000000000c92      0x246 ./Src/port.o
 .debug_abbrev  0x0000000000000ed8      0x312 ./Src/queue.o
 .debug_abbrev  0x00000000000011ea      0x37b ./Src/tasks.o
 .debug_abbrev  0x0000000000001565      0x2c5 ./Src/timers.o
 .debug_abbrev  0x000000000000182a       0x12 ./Startup/startup_stm32f401ccux.o

.debug_aranges  0x0000000000000000      0x7f8
 .debug_aranges
                0x0000000000000000       0x38 ./Src/DHT11_Program.o
 .debug_aranges
                0x0000000000000038       0x60 ./Src/GPIO_Program.o
 .debug_aranges
                0x0000000000000098       0x50 ./Src/Link_Porgram.o
 .debug_aranges
                0x00000000000000e8       0x30 ./Src/RCC_Program.o
 .debug_aranges
                0x0000000000000118       0x40 ./Src/SPI_Program.o
 .debug_aranges
                0x0000000000000158       0x38 ./Src/TIM_HAL_Program.o
 .debug_aranges
                0x0000000000000190       0xa8 ./Src/TIM_Program.o
 .debug_aranges
                0x0000000000000238       0x58 ./Src/heap_4.o
 .debug_aranges
                0x0000000000000290       0x40 ./Src/list.o
 .debug_aranges
                0x00000000000002d0       0x68 ./Src/main.o
 .debug_aranges
                0x0000000000000338       0x80 ./Src/port.o
 .debug_aranges
                0x00000000000003b8      0x130 ./Src/queue.o
 .debug_aranges
                0x00000000000004e8      0x208 ./Src/tasks.o
 .debug_aranges
                0x00000000000006f0       0xe0 ./Src/timers.o
 .debug_aranges
                0x00000000000007d0       0x28 ./Startup/startup_stm32f401ccux.o

.debug_ranges   0x0000000000000000      0x710
 .debug_ranges  0x0000000000000000       0x28 ./Src/DHT11_Program.o
 .debug_ranges  0x0000000000000028       0x50 ./Src/GPIO_Program.o
 .debug_ranges  0x0000000000000078       0x40 ./Src/Link_Porgram.o
 .debug_ranges  0x00000000000000b8       0x20 ./Src/RCC_Program.o
 .debug_ranges  0x00000000000000d8       0x30 ./Src/SPI_Program.o
 .debug_ranges  0x0000000000000108       0x28 ./Src/TIM_HAL_Program.o
 .debug_ranges  0x0000000000000130       0x98 ./Src/TIM_Program.o
 .debug_ranges  0x00000000000001c8       0x48 ./Src/heap_4.o
 .debug_ranges  0x0000000000000210       0x30 ./Src/list.o
 .debug_ranges  0x0000000000000240       0x58 ./Src/main.o
 .debug_ranges  0x0000000000000298       0x70 ./Src/port.o
 .debug_ranges  0x0000000000000308      0x120 ./Src/queue.o
 .debug_ranges  0x0000000000000428      0x1f8 ./Src/tasks.o
 .debug_ranges  0x0000000000000620       0xd0 ./Src/timers.o
 .debug_ranges  0x00000000000006f0       0x20 ./Startup/startup_stm32f401ccux.o

.debug_macro    0x0000000000000000     0x2405
 .debug_macro   0x0000000000000000       0x76 ./Src/DHT11_Program.o
 .debug_macro   0x0000000000000076      0xa7e ./Src/DHT11_Program.o
 .debug_macro   0x0000000000000af4       0x16 ./Src/DHT11_Program.o
 .debug_macro   0x0000000000000b0a       0x22 ./Src/DHT11_Program.o
 .debug_macro   0x0000000000000b2c      0x271 ./Src/DHT11_Program.o
 .debug_macro   0x0000000000000d9d       0xd6 ./Src/DHT11_Program.o
 .debug_macro   0x0000000000000e73       0x52 ./Src/DHT11_Program.o
 .debug_macro   0x0000000000000ec5       0x2e ./Src/DHT11_Program.o
 .debug_macro   0x0000000000000ef3      0x12a ./Src/DHT11_Program.o
 .debug_macro   0x000000000000101d       0x46 ./Src/DHT11_Program.o
 .debug_macro   0x0000000000001063       0x10 ./Src/DHT11_Program.o
 .debug_macro   0x0000000000001073       0x49 ./Src/GPIO_Program.o
 .debug_macro   0x00000000000010bc       0x60 ./Src/Link_Porgram.o
 .debug_macro   0x000000000000111c       0x4c ./Src/Link_Porgram.o
 .debug_macro   0x0000000000001168       0xd6 ./Src/Link_Porgram.o
 .debug_macro   0x000000000000123e       0x10 ./Src/Link_Porgram.o
 .debug_macro   0x000000000000124e       0x40 ./Src/Link_Porgram.o
 .debug_macro   0x000000000000128e       0x47 ./Src/RCC_Program.o
 .debug_macro   0x00000000000012d5       0x84 ./Src/RCC_Program.o
 .debug_macro   0x0000000000001359       0xee ./Src/RCC_Program.o
 .debug_macro   0x0000000000001447       0x16 ./Src/RCC_Program.o
 .debug_macro   0x000000000000145d       0x3f ./Src/SPI_Program.o
 .debug_macro   0x000000000000149c       0x63 ./Src/TIM_HAL_Program.o
 .debug_macro   0x00000000000014ff       0x70 ./Src/TIM_HAL_Program.o
 .debug_macro   0x000000000000156f       0x2e ./Src/TIM_HAL_Program.o
 .debug_macro   0x000000000000159d       0x3e ./Src/TIM_Program.o
 .debug_macro   0x00000000000015db       0x10 ./Src/TIM_Program.o
 .debug_macro   0x00000000000015eb      0x1b3 ./Src/heap_4.o
 .debug_macro   0x000000000000179e      0x198 ./Src/list.o
 .debug_macro   0x0000000000001936      0x115 ./Src/main.o
 .debug_macro   0x0000000000001a4b      0x19b ./Src/port.o
 .debug_macro   0x0000000000001be6      0x221 ./Src/queue.o
 .debug_macro   0x0000000000001e07       0x16 ./Src/queue.o
 .debug_macro   0x0000000000001e1d       0x35 ./Src/queue.o
 .debug_macro   0x0000000000001e52       0x20 ./Src/queue.o
 .debug_macro   0x0000000000001e72       0x80 ./Src/queue.o
 .debug_macro   0x0000000000001ef2      0x27e ./Src/tasks.o
 .debug_macro   0x0000000000002170       0x17 ./Src/tasks.o
 .debug_macro   0x0000000000002187      0x1e7 ./Src/timers.o
 .debug_macro   0x000000000000236e       0x97 ./Src/timers.o

.debug_line     0x0000000000000000     0x6eaa
 .debug_line    0x0000000000000000      0x368 ./Src/DHT11_Program.o
 .debug_line    0x0000000000000368      0x613 ./Src/GPIO_Program.o
 .debug_line    0x000000000000097b      0x2ae ./Src/Link_Porgram.o
 .debug_line    0x0000000000000c29      0x194 ./Src/RCC_Program.o
 .debug_line    0x0000000000000dbd      0x1bb ./Src/SPI_Program.o
 .debug_line    0x0000000000000f78      0x1a8 ./Src/TIM_HAL_Program.o
 .debug_line    0x0000000000001120      0x26d ./Src/TIM_Program.o
 .debug_line    0x000000000000138d      0x89e ./Src/heap_4.o
 .debug_line    0x0000000000001c2b      0x664 ./Src/list.o
 .debug_line    0x000000000000228f      0x6cd ./Src/main.o
 .debug_line    0x000000000000295c      0x72e ./Src/port.o
 .debug_line    0x000000000000308a     0x1569 ./Src/queue.o
 .debug_line    0x00000000000045f3     0x1cc3 ./Src/tasks.o
 .debug_line    0x00000000000062b6      0xb70 ./Src/timers.o
 .debug_line    0x0000000000006e26       0x84 ./Startup/startup_stm32f401ccux.o

.debug_str      0x0000000000000000    0x12002
 .debug_str     0x0000000000000000     0x3f39 ./Src/DHT11_Program.o
                                       0x3fc3 (size before relaxing)
 .debug_str     0x0000000000003f39       0xd9 ./Src/GPIO_Program.o
                                       0x3386 (size before relaxing)
 .debug_str     0x0000000000004012      0x5a5 ./Src/Link_Porgram.o
                                       0x36a4 (size before relaxing)
 .debug_str     0x00000000000045b7      0x47b ./Src/RCC_Program.o
                                       0x347f (size before relaxing)
 .debug_str     0x0000000000004a32       0xe3 ./Src/SPI_Program.o
                                       0x326a (size before relaxing)
 .debug_str     0x0000000000004b15      0x4cd ./Src/TIM_HAL_Program.o
                                       0x3a62 (size before relaxing)
 .debug_str     0x0000000000004fe2      0x1d3 ./Src/TIM_Program.o
                                       0x3465 (size before relaxing)
 .debug_str     0x00000000000051b5     0x931f ./Src/heap_4.o
                                       0xc227 (size before relaxing)
 .debug_str     0x000000000000e4d4      0x119 ./Src/list.o
                                       0xad6f (size before relaxing)
 .debug_str     0x000000000000e5ed      0x148 ./Src/main.o
                                       0x9bed (size before relaxing)
 .debug_str     0x000000000000e735      0x7fa ./Src/port.o
                                       0x9835 (size before relaxing)
 .debug_str     0x000000000000ef2f     0x114b ./Src/queue.o
                                       0xd1f3 (size before relaxing)
 .debug_str     0x000000000001007a     0x1a2b ./Src/tasks.o
                                       0xde7d (size before relaxing)
 .debug_str     0x0000000000011aa5      0x52c ./Src/timers.o
                                       0xd5cc (size before relaxing)
 .debug_str     0x0000000000011fd1       0x31 ./Startup/startup_stm32f401ccux.o
                                         0x6b (size before relaxing)

.comment        0x0000000000000000       0x50
 .comment       0x0000000000000000       0x50 ./Src/DHT11_Program.o
                                         0x51 (size before relaxing)
 .comment       0x0000000000000050       0x51 ./Src/GPIO_Program.o
 .comment       0x0000000000000050       0x51 ./Src/Link_Porgram.o
 .comment       0x0000000000000050       0x51 ./Src/RCC_Program.o
 .comment       0x0000000000000050       0x51 ./Src/SPI_Program.o
 .comment       0x0000000000000050       0x51 ./Src/TIM_HAL_Program.o
 .comment       0x0000000000000050       0x51 ./Src/TIM_Program.o
 .comment       0x0000000000000050       0x51 ./Src/heap_4.o
 .comment       0x0000000000000050       0x51 ./Src/list.o
 .comment       0x0000000000000050       0x51 ./Src/main.o
 .comment       0x0000000000000050       0x51 ./Src/port.o
 .comment       0x0000000000000050       0x51 ./Src/queue.o
 .comment       0x0000000000000050       0x51 ./Src/tasks.o
 .comment       0x0000000000000050       0x51 ./Src/timers.o

.debug_frame    0x0000000000000000     0x1f30
 .debug_frame   0x0000000000000000       0x94 ./Src/DHT11_Program.o
 .debug_frame   0x0000000000000094      0x178 ./Src/GPIO_Program.o
 .debug_frame   0x000000000000020c      0x108 ./Src/Link_Porgram.o
 .debug_frame   0x0000000000000314       0x88 ./Src/RCC_Program.o
 .debug_frame   0x000000000000039c       0xd8 ./Src/SPI_Program.o
 .debug_frame   0x0000000000000474       0xa4 ./Src/TIM_HAL_Program.o
 .debug_frame   0x0000000000000518      0x2e0 ./Src/TIM_Program.o
 .debug_frame   0x00000000000007f8      0x12c ./Src/heap_4.o
 .debug_frame   0x0000000000000924       0xd8 ./Src/list.o
 .debug_frame   0x00000000000009fc      0x150 ./Src/main.o
 .debug_frame   0x0000000000000b4c      0x1a8 ./Src/port.o
 .debug_frame   0x0000000000000cf4      0x530 ./Src/queue.o
 .debug_frame   0x0000000000001224      0x8f4 ./Src/tasks.o
 .debug_frame   0x0000000000001b18      0x3a4 ./Src/timers.o
 .debug_frame   0x0000000000001ebc       0x2c c:/st/stm32cubeide_1.10.1/stm32cubeide/plugins/com.st.stm32cube.ide.mcu.externaltools.gnu-tools-for-stm32.10.3-2021.10.win32_1.0.0.202111181127/tools/bin/../lib/gcc/arm-none-eabi/10.3.1/../../../../arm-none-eabi/lib/thumb/v7e-m+fp/hard\libc_nano.a(lib_a-init.o)
 .debug_frame   0x0000000000001ee8       0x28 c:/st/stm32cubeide_1.10.1/stm32cubeide/plugins/com.st.stm32cube.ide.mcu.externaltools.gnu-tools-for-stm32.10.3-2021.10.win32_1.0.0.202111181127/tools/bin/../lib/gcc/arm-none-eabi/10.3.1/../../../../arm-none-eabi/lib/thumb/v7e-m+fp/hard\libc_nano.a(lib_a-memcpy-stub.o)
 .debug_frame   0x0000000000001f10       0x20 c:/st/stm32cubeide_1.10.1/stm32cubeide/plugins/com.st.stm32cube.ide.mcu.externaltools.gnu-tools-for-stm32.10.3-2021.10.win32_1.0.0.202111181127/tools/bin/../lib/gcc/arm-none-eabi/10.3.1/../../../../arm-none-eabi/lib/thumb/v7e-m+fp/hard\libc_nano.a(lib_a-memset.o)
